 QUARC_Prog_Rover_sfun

 Timestamp is 58d29a93 (Wed Mar 22 16:38:59 2017)

 Preferred load address is 0000000180000000

 Start         Length     Name                   Class
 0001:00000000 0006d8b4H .text                   CODE
 0001:0006d8c0 00000092H .text$x                 CODE
 0002:00000000 000004a0H .idata$5                DATA
 0002:000004a0 00000008H .CRT$XCA                DATA
 0002:000004a8 00000008H .CRT$XCZ                DATA
 0002:000004b0 00000008H .CRT$XIA                DATA
 0002:000004b8 00000008H .CRT$XIAA               DATA
 0002:000004c0 00000008H .CRT$XIZ                DATA
 0002:000004d0 00004aecH .rdata                  DATA
 0002:00004fc0 00000008H .rtc$IAA                DATA
 0002:00004fc8 00000008H .rtc$IZZ                DATA
 0002:00004fd0 00000008H .rtc$TAA                DATA
 0002:00004fd8 00000008H .rtc$TZZ                DATA
 0002:00004fe0 00005084H .xdata                  DATA
 0002:0000a064 000000a0H .idata$2                DATA
 0002:0000a104 00000014H .idata$3                DATA
 0002:0000a118 000004a0H .idata$4                DATA
 0002:0000a5b8 00000ac6H .idata$6                DATA
 0002:0000b080 0000005bH .edata                  DATA
 0003:00000000 00011938H .data                   DATA
 0003:00011940 000026f8H .bss                    DATA
 0004:00000000 000045fcH .pdata                  DATA

  Address         Publics by Value              Rva+Base               Lib:Object

 0000:00000000       ___safe_se_handler_count   0000000000000000     <absolute>
 0000:00000000       ___safe_se_handler_table   0000000000000000     <absolute>
 0000:00000000       __ImageBase                0000000180000000     <linker-defined>
 0001:00000000       sf_c1_QUARC_Prog_Rover_get_eml_resolved_functions_info 0000000180001000 f   c1_QUARC_Prog_Rover.obj
 0001:00001830       sf_c1_QUARC_Prog_Rover_get_check_sum 0000000180002830 f   c1_QUARC_Prog_Rover.obj
 0001:000018b0       sf_c1_QUARC_Prog_Rover_get_autoinheritance_info 00000001800028b0 f   c1_QUARC_Prog_Rover.obj
 0001:00001cd0       sf_internal_get_sim_state_c1_QUARC_Prog_Rover 0000000180002cd0 f   c1_QUARC_Prog_Rover.obj
 0001:000020b0       sf_internal_set_sim_state_c1_QUARC_Prog_Rover 00000001800030b0 f   c1_QUARC_Prog_Rover.obj
 0001:000025b0       sf_c1_QUARC_Prog_Rover_get_testpoint_info 00000001800035b0 f   c1_QUARC_Prog_Rover.obj
 0001:000025f0       c1_QUARC_Prog_Rover_method_dispatcher 00000001800035f0 f   c1_QUARC_Prog_Rover.obj
 0001:00007320       sf_c2_QUARC_Prog_Rover_get_eml_resolved_functions_info 0000000180008320 f   c2_QUARC_Prog_Rover.obj
 0001:00008ba0       sf_c2_QUARC_Prog_Rover_get_check_sum 0000000180009ba0 f   c2_QUARC_Prog_Rover.obj
 0001:00008c20       sf_c2_QUARC_Prog_Rover_get_autoinheritance_info 0000000180009c20 f   c2_QUARC_Prog_Rover.obj
 0001:00009040       sf_internal_get_sim_state_c2_QUARC_Prog_Rover 000000018000a040 f   c2_QUARC_Prog_Rover.obj
 0001:00009410       sf_internal_set_sim_state_c2_QUARC_Prog_Rover 000000018000a410 f   c2_QUARC_Prog_Rover.obj
 0001:00009910       sf_c2_QUARC_Prog_Rover_get_testpoint_info 000000018000a910 f   c2_QUARC_Prog_Rover.obj
 0001:00009950       c2_QUARC_Prog_Rover_method_dispatcher 000000018000a950 f   c2_QUARC_Prog_Rover.obj
 0001:0000e6b0       sf_c5_QUARC_Prog_Rover_get_eml_resolved_functions_info 000000018000f6b0 f   c5_QUARC_Prog_Rover.obj
 0001:0000eff0       sf_c5_QUARC_Prog_Rover_get_check_sum 000000018000fff0 f   c5_QUARC_Prog_Rover.obj
 0001:0000f070       sf_c5_QUARC_Prog_Rover_get_autoinheritance_info 0000000180010070 f   c5_QUARC_Prog_Rover.obj
 0001:0000f870       sf_internal_get_sim_state_c5_QUARC_Prog_Rover 0000000180010870 f   c5_QUARC_Prog_Rover.obj
 0001:0000fd50       sf_internal_set_sim_state_c5_QUARC_Prog_Rover 0000000180010d50 f   c5_QUARC_Prog_Rover.obj
 0001:000102e0       sf_c5_QUARC_Prog_Rover_get_testpoint_info 00000001800112e0 f   c5_QUARC_Prog_Rover.obj
 0001:00010320       c5_QUARC_Prog_Rover_method_dispatcher 0000000180011320 f   c5_QUARC_Prog_Rover.obj
 0001:00013710       sf_c6_QUARC_Prog_Rover_get_eml_resolved_functions_info 0000000180014710 f   c6_QUARC_Prog_Rover.obj
 0001:00013ca0       sf_c6_QUARC_Prog_Rover_get_check_sum 0000000180014ca0 f   c6_QUARC_Prog_Rover.obj
 0001:00013d20       sf_c6_QUARC_Prog_Rover_get_autoinheritance_info 0000000180014d20 f   c6_QUARC_Prog_Rover.obj
 0001:000143d0       sf_internal_get_sim_state_c6_QUARC_Prog_Rover 00000001800153d0 f   c6_QUARC_Prog_Rover.obj
 0001:00014790       sf_internal_set_sim_state_c6_QUARC_Prog_Rover 0000000180015790 f   c6_QUARC_Prog_Rover.obj
 0001:00014c30       sf_c6_QUARC_Prog_Rover_get_testpoint_info 0000000180015c30 f   c6_QUARC_Prog_Rover.obj
 0001:00014c70       c6_QUARC_Prog_Rover_method_dispatcher 0000000180015c70 f   c6_QUARC_Prog_Rover.obj
 0001:00016e30       sf_c7_QUARC_Prog_Rover_get_eml_resolved_functions_info 0000000180017e30 f   c7_QUARC_Prog_Rover.obj
 0001:00017690       sf_c7_QUARC_Prog_Rover_get_check_sum 0000000180018690 f   c7_QUARC_Prog_Rover.obj
 0001:00017710       sf_c7_QUARC_Prog_Rover_get_autoinheritance_info 0000000180018710 f   c7_QUARC_Prog_Rover.obj
 0001:00017dc0       sf_internal_get_sim_state_c7_QUARC_Prog_Rover 0000000180018dc0 f   c7_QUARC_Prog_Rover.obj
 0001:000181a0       sf_internal_set_sim_state_c7_QUARC_Prog_Rover 00000001800191a0 f   c7_QUARC_Prog_Rover.obj
 0001:00018690       sf_c7_QUARC_Prog_Rover_get_testpoint_info 0000000180019690 f   c7_QUARC_Prog_Rover.obj
 0001:000186d0       c7_QUARC_Prog_Rover_method_dispatcher 00000001800196d0 f   c7_QUARC_Prog_Rover.obj
 0001:0001a8d0       sf_c8_QUARC_Prog_Rover_get_eml_resolved_functions_info 000000018001b8d0 f   c8_QUARC_Prog_Rover.obj
 0001:0001b240       sf_c8_QUARC_Prog_Rover_get_check_sum 000000018001c240 f   c8_QUARC_Prog_Rover.obj
 0001:0001b2c0       sf_c8_QUARC_Prog_Rover_get_autoinheritance_info 000000018001c2c0 f   c8_QUARC_Prog_Rover.obj
 0001:0001bab0       sf_internal_get_sim_state_c8_QUARC_Prog_Rover 000000018001cab0 f   c8_QUARC_Prog_Rover.obj
 0001:0001be80       sf_internal_set_sim_state_c8_QUARC_Prog_Rover 000000018001ce80 f   c8_QUARC_Prog_Rover.obj
 0001:0001c370       sf_c8_QUARC_Prog_Rover_get_testpoint_info 000000018001d370 f   c8_QUARC_Prog_Rover.obj
 0001:0001c3b0       c8_QUARC_Prog_Rover_method_dispatcher 000000018001d3b0 f   c8_QUARC_Prog_Rover.obj
 0001:0001e900       sf_c9_QUARC_Prog_Rover_get_eml_resolved_functions_info 000000018001f900 f   c9_QUARC_Prog_Rover.obj
 0001:0001f230       sf_c9_QUARC_Prog_Rover_get_check_sum 0000000180020230 f   c9_QUARC_Prog_Rover.obj
 0001:0001f2b0       sf_c9_QUARC_Prog_Rover_get_autoinheritance_info 00000001800202b0 f   c9_QUARC_Prog_Rover.obj
 0001:0001f960       sf_internal_get_sim_state_c9_QUARC_Prog_Rover 0000000180020960 f   c9_QUARC_Prog_Rover.obj
 0001:0001fd20       sf_internal_set_sim_state_c9_QUARC_Prog_Rover 0000000180020d20 f   c9_QUARC_Prog_Rover.obj
 0001:000201c0       sf_c9_QUARC_Prog_Rover_get_testpoint_info 00000001800211c0 f   c9_QUARC_Prog_Rover.obj
 0001:00020200       c9_QUARC_Prog_Rover_method_dispatcher 0000000180021200 f   c9_QUARC_Prog_Rover.obj
 0001:00022610       sf_c10_QUARC_Prog_Rover_get_eml_resolved_functions_info 0000000180023610 f   c10_QUARC_Prog_Rover.obj
 0001:00022e90       sf_c10_QUARC_Prog_Rover_get_check_sum 0000000180023e90 f   c10_QUARC_Prog_Rover.obj
 0001:00022f10       sf_c10_QUARC_Prog_Rover_get_autoinheritance_info 0000000180023f10 f   c10_QUARC_Prog_Rover.obj
 0001:00023710       sf_internal_get_sim_state_c10_QUARC_Prog_Rover 0000000180024710 f   c10_QUARC_Prog_Rover.obj
 0001:00023be0       sf_internal_set_sim_state_c10_QUARC_Prog_Rover 0000000180024be0 f   c10_QUARC_Prog_Rover.obj
 0001:00024160       sf_c10_QUARC_Prog_Rover_get_testpoint_info 0000000180025160 f   c10_QUARC_Prog_Rover.obj
 0001:000241a0       c10_QUARC_Prog_Rover_method_dispatcher 00000001800251a0 f   c10_QUARC_Prog_Rover.obj
 0001:000275e0       sf_c11_QUARC_Prog_Rover_get_eml_resolved_functions_info 00000001800285e0 f   c11_QUARC_Prog_Rover.obj
 0001:00028e10       sf_c11_QUARC_Prog_Rover_get_check_sum 0000000180029e10 f   c11_QUARC_Prog_Rover.obj
 0001:00028e90       sf_c11_QUARC_Prog_Rover_get_autoinheritance_info 0000000180029e90 f   c11_QUARC_Prog_Rover.obj
 0001:000292b0       sf_internal_get_sim_state_c11_QUARC_Prog_Rover 000000018002a2b0 f   c11_QUARC_Prog_Rover.obj
 0001:00029670       sf_internal_set_sim_state_c11_QUARC_Prog_Rover 000000018002a670 f   c11_QUARC_Prog_Rover.obj
 0001:00029b80       sf_c11_QUARC_Prog_Rover_get_testpoint_info 000000018002ab80 f   c11_QUARC_Prog_Rover.obj
 0001:00029bc0       c11_QUARC_Prog_Rover_method_dispatcher 000000018002abc0 f   c11_QUARC_Prog_Rover.obj
 0001:0002e920       sf_c12_QUARC_Prog_Rover_get_eml_resolved_functions_info 000000018002f920 f   c12_QUARC_Prog_Rover.obj
 0001:0002f150       sf_c12_QUARC_Prog_Rover_get_check_sum 0000000180030150 f   c12_QUARC_Prog_Rover.obj
 0001:0002f1d0       sf_c12_QUARC_Prog_Rover_get_autoinheritance_info 00000001800301d0 f   c12_QUARC_Prog_Rover.obj
 0001:0002f880       sf_internal_get_sim_state_c12_QUARC_Prog_Rover 0000000180030880 f   c12_QUARC_Prog_Rover.obj
 0001:0002fc60       sf_internal_set_sim_state_c12_QUARC_Prog_Rover 0000000180030c60 f   c12_QUARC_Prog_Rover.obj
 0001:00030150       sf_c12_QUARC_Prog_Rover_get_testpoint_info 0000000180031150 f   c12_QUARC_Prog_Rover.obj
 0001:00030190       c12_QUARC_Prog_Rover_method_dispatcher 0000000180031190 f   c12_QUARC_Prog_Rover.obj
 0001:00032370       sf_c13_QUARC_Prog_Rover_get_eml_resolved_functions_info 0000000180033370 f   c13_QUARC_Prog_Rover.obj
 0001:00032cc0       sf_c13_QUARC_Prog_Rover_get_check_sum 0000000180033cc0 f   c13_QUARC_Prog_Rover.obj
 0001:00032d40       sf_c13_QUARC_Prog_Rover_get_autoinheritance_info 0000000180033d40 f   c13_QUARC_Prog_Rover.obj
 0001:00033540       sf_internal_get_sim_state_c13_QUARC_Prog_Rover 0000000180034540 f   c13_QUARC_Prog_Rover.obj
 0001:00033a10       sf_internal_set_sim_state_c13_QUARC_Prog_Rover 0000000180034a10 f   c13_QUARC_Prog_Rover.obj
 0001:00033fa0       sf_c13_QUARC_Prog_Rover_get_testpoint_info 0000000180034fa0 f   c13_QUARC_Prog_Rover.obj
 0001:00033fe0       c13_QUARC_Prog_Rover_method_dispatcher 0000000180034fe0 f   c13_QUARC_Prog_Rover.obj
 0001:000373d0       sf_c15_QUARC_Prog_Rover_get_eml_resolved_functions_info 00000001800383d0 f   c15_QUARC_Prog_Rover.obj
 0001:00037c00       sf_c15_QUARC_Prog_Rover_get_check_sum 0000000180038c00 f   c15_QUARC_Prog_Rover.obj
 0001:00037c80       sf_c15_QUARC_Prog_Rover_get_autoinheritance_info 0000000180038c80 f   c15_QUARC_Prog_Rover.obj
 0001:00038470       sf_internal_get_sim_state_c15_QUARC_Prog_Rover 0000000180039470 f   c15_QUARC_Prog_Rover.obj
 0001:00038830       sf_internal_set_sim_state_c15_QUARC_Prog_Rover 0000000180039830 f   c15_QUARC_Prog_Rover.obj
 0001:00038d20       sf_c15_QUARC_Prog_Rover_get_testpoint_info 0000000180039d20 f   c15_QUARC_Prog_Rover.obj
 0001:00038d60       c15_QUARC_Prog_Rover_method_dispatcher 0000000180039d60 f   c15_QUARC_Prog_Rover.obj
 0001:0003b2b0       sf_process_check_sum_call  000000018003c2b0 f   QUARC_Prog_Rover_sfun_registry.obj
 0001:0003b300       sf_process_testpoint_info_call 000000018003c300 f   QUARC_Prog_Rover_sfun_registry.obj
 0001:0003b350       sf_process_autoinheritance_call 000000018003c350 f   QUARC_Prog_Rover_sfun_registry.obj
 0001:0003b4f0       sf_process_get_eml_resolved_functions_info_call 000000018003c4f0 f   QUARC_Prog_Rover_sfun_registry.obj
 0001:0003b670       sf_mex_unlock_call         000000018003c670 f   QUARC_Prog_Rover_sfun_registry.obj
 0001:0003b720       sf_machine_global_initializer_called 000000018003c720 f   QUARC_Prog_Rover_sfun_registry.obj
 0001:0003b750       sf_machine_global_method_dispatcher 000000018003c750 f   QUARC_Prog_Rover_sfun_registry.obj
 0001:0003b7b0       sf_machine_global_terminator 000000018003c7b0 f   QUARC_Prog_Rover_sfun_registry.obj
 0001:0003b7f0       sf_register_machine_exported_symbols 000000018003c7f0 f   QUARC_Prog_Rover_sfun_registry.obj
 0001:0003b810       callCustomFcn              000000018003c810 f   QUARC_Prog_Rover_sfun_registry.obj
 0001:0003b820       sf_machine_global_initializer 000000018003c820 f   QUARC_Prog_Rover_sfun_registry.obj
 0001:0003b890       _ssSetStateAbsTol          000000018003c890 f   QUARC_Prog_Rover_sfun_registry.obj
 0001:0003b970       _ssGetAbsTol               000000018003c970 f   QUARC_Prog_Rover_sfun_registry.obj
 0001:0003b9e0       _ssSetInputPortMatrixDimensions 000000018003c9e0 f   QUARC_Prog_Rover_sfun_registry.obj
 0001:0003baf0       _ssSetOutputPortMatrixDimensions 000000018003caf0 f   QUARC_Prog_Rover_sfun_registry.obj
 0001:0003bc00       _ssSetInputPortVectorDimension 000000018003cc00 f   QUARC_Prog_Rover_sfun_registry.obj
 0001:0003bcd0       _ssSetOutputPortVectorDimension 000000018003ccd0 f   QUARC_Prog_Rover_sfun_registry.obj
 0001:0003bda0       ssIsRunTimeParamTunable    000000018003cda0 f   QUARC_Prog_Rover_sfun_registry.obj
 0001:0003be10       ssGetSFuncBlockHandle      000000018003ce10 f   QUARC_Prog_Rover_sfun_registry.obj
 0001:0003be80       _ssGetCurrentInputPortWidth 000000018003ce80 f   QUARC_Prog_Rover_sfun_registry.obj
 0001:0003bfa0       _ssGetCurrentOutputPortWidth 000000018003cfa0 f   QUARC_Prog_Rover_sfun_registry.obj
 0001:0003c0c0       _ssGetCallSystemNumFcnCallDestinations 000000018003d0c0 f   QUARC_Prog_Rover_sfun_registry.obj
 0001:0003c130       ssWarning                  000000018003d130 f   QUARC_Prog_Rover_sfun_registry.obj
 0001:0003c240       ssGetIsZeroCrossControlDisabled 000000018003d240 f   QUARC_Prog_Rover_sfun_registry.obj
 0001:0003c2b0       ssSetIsInputPortUsedForContZcSignal 000000018003d2b0 f   QUARC_Prog_Rover_sfun_registry.obj
 0001:0003c320       ssSetZcSignalIsZcElementDisc 000000018003d320 f   QUARC_Prog_Rover_sfun_registry.obj
 0001:0003c3d0       ssSetZcSignalName          000000018003d3d0 f   QUARC_Prog_Rover_sfun_registry.obj
 0001:0003c440       ssSetZcSignalWidth         000000018003d440 f   QUARC_Prog_Rover_sfun_registry.obj
 0001:0003c4b0       ssSetZcSignalZcEventType   000000018003d4b0 f   QUARC_Prog_Rover_sfun_registry.obj
 0001:0003c520       ssSetZcSignalType          000000018003d520 f   QUARC_Prog_Rover_sfun_registry.obj
 0001:0003c590       ssSetZcSignalZcTol         000000018003d590 f   QUARC_Prog_Rover_sfun_registry.obj
 0001:0003c600       ssSetZcSignalNeedsEventNotification 000000018003d600 f   QUARC_Prog_Rover_sfun_registry.obj
 0001:0003c670       ssCreateAndAddZcSignalInfo 000000018003d670 f   QUARC_Prog_Rover_sfun_registry.obj
 0001:0003c6e0       ssCloneAndAddZcSignalInfo  000000018003d6e0 f   QUARC_Prog_Rover_sfun_registry.obj
 0001:0003c750       ssGetNumZcSignals          000000018003d750 f   QUARC_Prog_Rover_sfun_registry.obj
 0001:0003c7c0       ssGetZcSignalVector        000000018003d7c0 f   QUARC_Prog_Rover_sfun_registry.obj
 0001:0003c830       ssGetZcSignalZcEvents      000000018003d830 f   QUARC_Prog_Rover_sfun_registry.obj
 0001:0003c8a0       ssGetZcSignalName          000000018003d8a0 f   QUARC_Prog_Rover_sfun_registry.obj
 0001:0003c910       ssGetZcSignalWidth         000000018003d910 f   QUARC_Prog_Rover_sfun_registry.obj
 0001:0003c980       ssGetZcSignalZcEventType   000000018003d980 f   QUARC_Prog_Rover_sfun_registry.obj
 0001:0003c9f0       ssGetZcSignalType          000000018003d9f0 f   QUARC_Prog_Rover_sfun_registry.obj
 0001:0003ca60       ssGetZcSignalZcTol         000000018003da60 f   QUARC_Prog_Rover_sfun_registry.obj
 0001:0003cae0       ssGetZcSignalNeedsEventNotification 000000018003dae0 f   QUARC_Prog_Rover_sfun_registry.obj
 0001:0003cb50       ssGetZcSignalIsZcElementDisc 000000018003db50 f   QUARC_Prog_Rover_sfun_registry.obj
 0001:0003cbf0       ssGetIsInputPortElementContinuous 000000018003dbf0 f   QUARC_Prog_Rover_sfun_registry.obj
 0001:0003cc90       _ssGetInputPortSignalPtrsFcn 000000018003dc90 f   QUARC_Prog_Rover_sfun_registry.obj
 0001:0003cf50       _ssGetInputPortSignalFcn   000000018003df50 f   QUARC_Prog_Rover_sfun_registry.obj
 0001:0003d170       _ssSetInputPortDirectFeedThroughFcn 000000018003e170 f   QUARC_Prog_Rover_sfun_registry.obj
 0001:0003d2d0       _ssSetInputPortReusableFcn 000000018003e2d0 f   QUARC_Prog_Rover_sfun_registry.obj
 0001:0003d3c0       _ssSetOutputPortReusableFcn 000000018003e3c0 f   QUARC_Prog_Rover_sfun_registry.obj
 0001:0003d4a0       ssGetDTypeIdFromMxArray    000000018003e4a0 f   QUARC_Prog_Rover_sfun_registry.obj
 0001:0003d5c0       ssWriteRTWStr              000000018003e5c0 f   QUARC_Prog_Rover_sfun_registry.obj
 0001:0003d620       ssWriteRTWMxVectParam      000000018003e620 f   QUARC_Prog_Rover_sfun_registry.obj
 0001:0003d680       ssWriteRTWMx2dMatParam     000000018003e680 f   QUARC_Prog_Rover_sfun_registry.obj
 0001:0003d700       ssWriteRTWNameValuePair    000000018003e700 f   QUARC_Prog_Rover_sfun_registry.obj
 0001:0003dbf0       ssWriteRTWParameters       000000018003ebf0 f   QUARC_Prog_Rover_sfun_registry.obj
 0001:0003e1f0       ssWriteRTWParamSettings    000000018003f1f0 f   QUARC_Prog_Rover_sfun_registry.obj
 0001:0003e8c0       ssWriteRTWWorkVect         000000018003f8c0 f   QUARC_Prog_Rover_sfun_registry.obj
 0001:0003edc0       mexFunction                000000018003fdc0 f   QUARC_Prog_Rover_sfun_registry.obj
 0001:00040a20       ProcessMexSfunctionEveryCall 0000000180041a20 f   QUARC_Prog_Rover_sfun_registry.obj
 0001:00040b90       QUARC_Prog_Rover_initializer 0000000180041b90 f   QUARC_Prog_Rover_sfun.obj
 0001:00040ba0       QUARC_Prog_Rover_terminator 0000000180041ba0 f   QUARC_Prog_Rover_sfun.obj
 0001:00040bb0       sf_QUARC_Prog_Rover_method_dispatcher 0000000180041bb0 f   QUARC_Prog_Rover_sfun.obj
 0001:00040d80       sf_QUARC_Prog_Rover_process_testpoint_info_call 0000000180041d80 f   QUARC_Prog_Rover_sfun.obj
 0001:00041040       sf_QUARC_Prog_Rover_process_check_sum_call 0000000180042040 f   QUARC_Prog_Rover_sfun.obj
 0001:00041550       sf_QUARC_Prog_Rover_autoinheritance_info 0000000180042550 f   QUARC_Prog_Rover_sfun.obj
 0001:00041a20       sf_QUARC_Prog_Rover_get_eml_resolved_functions_info 0000000180042a20 f   QUARC_Prog_Rover_sfun.obj
 0001:00041e10       QUARC_Prog_Rover_debug_initialize 0000000180042e10 f   QUARC_Prog_Rover_sfun.obj
 0001:00041e80       QUARC_Prog_Rover_register_exported_symbols 0000000180042e80 f   QUARC_Prog_Rover_sfun.obj
 0001:00041e90       load_QUARC_Prog_Rover_optimization_info 0000000180042e90 f   QUARC_Prog_Rover_sfun.obj
 0001:00041ee0       unload_QUARC_Prog_Rover_optimization_info 0000000180042ee0 f   QUARC_Prog_Rover_sfun.obj
 0001:00041fb0       sf_mex_mx_is_numeric       0000000180042fb0 f   sfc_mex:sfc_mex.obj
 0001:00041ff0       strcmp_ignore_ws           0000000180042ff0 f   sfc_mex:sfc_mex.obj
 0001:00042130       sf_mex_duplicatearraysafe  0000000180043130 f   sfc_mex:sfc_mex.obj
 0001:00042290       sf_set_error_debugger_context_message_fcn 0000000180043290 f   sfc_mex:sfc_mex.obj
 0001:000422a0       sf_set_debugger_matlab_error_fcn 00000001800432a0 f   sfc_mex:sfc_mex.obj
 0001:000422d0       sf_set_error_prefix_string 00000001800432d0 f   sfc_mex:sfc_mex.obj
 0001:00042300       sf_get_error_prefix_string 0000000180043300 f   sfc_mex:sfc_mex.obj
 0001:00042310       sf_mex_enter_parallel_region 0000000180043310 f   sfc_mex:sfc_mex.obj
 0001:00042320       sf_mex_exit_parallel_region 0000000180043320 f   sfc_mex:sfc_mex.obj
 0001:00042330       sf_get_current_jmp_buf_ptr 0000000180043330 f   sfc_mex:sfc_mex.obj
 0001:00042340       sf_set_current_jmp_buf_ptr 0000000180043340 f   sfc_mex:sfc_mex.obj
 0001:00042350       sf_mex_set_halt_simulation 0000000180043350 f   sfc_mex:sfc_mex.obj
 0001:00042360       sf_mex_get_halt_simulation 0000000180043360 f   sfc_mex:sfc_mex.obj
 0001:00042370       sf_mex_clear_error_message 0000000180043370 f   sfc_mex:sfc_mex.obj
 0001:00042390       sf_mex_get_error_message_for_read 0000000180043390 f   sfc_mex:sfc_mex.obj
 0001:000423a0       sf_mex_get_error_message_buffer_length 00000001800433a0 f   sfc_mex:sfc_mex.obj
 0001:00042480       sf_mex_warning_message     0000000180043480 f   sfc_mex:sfc_mex.obj
 0001:000424f0       sf_mex_v_errbuf_createf    00000001800434f0 f   sfc_mex:sfc_mex.obj
 0001:00042500       sf_mex_errbuf_createf      0000000180043500 f   sfc_mex:sfc_mex.obj
 0001:00042530       sf_mex_v_errbuf_catf       0000000180043530 f   sfc_mex:sfc_mex.obj
 0001:00042570       sf_mex_errbuf_catf         0000000180043570 f   sfc_mex:sfc_mex.obj
 0001:000425c0       sf_mex_errbuf_copy         00000001800435c0 f   sfc_mex:sfc_mex.obj
 0001:000425d0       sf_mex_errbuf_clear        00000001800435d0 f   sfc_mex:sfc_mex.obj
 0001:000425e0       sf_mex_errbuf_isempty      00000001800435e0 f   sfc_mex:sfc_mex.obj
 0001:000426f0       sf_mex_set_error_status    00000001800436f0 f   sfc_mex:sfc_mex.obj
 0001:00042740       sf_mex_error_direct_call   0000000180043740 f   sfc_mex:sfc_mex.obj
 0001:00042760       sf_mex_error_message_no_long_jump 0000000180043760 f   sfc_mex:sfc_mex.obj
 0001:00042780       sf_mex_long_jump_on_error  0000000180043780 f   sfc_mex:sfc_mex.obj
 0001:000427b0       sf_mex_call_matlab         00000001800437b0 f   sfc_mex:sfc_mex.obj
 0001:000428d0       sf_mex_check_builtin       00000001800438d0 f   sfc_mex:sfc_mex.obj
 0001:00042910       sf_mex_check_builtin_vs    0000000180043910 f   sfc_mex:sfc_mex.obj
 0001:00042970       sf_mex_check_enum          0000000180043970 f   sfc_mex:sfc_mex.obj
 0001:000429a0       sf_mex_create_enum         00000001800439a0 f   sfc_mex:sfc_mex.obj
 0001:000429c0       sf_mex_get_enum_element    00000001800439c0 f   sfc_mex:sfc_mex.obj
 0001:000429d0       sf_mex_createcellarray     00000001800439d0 f   sfc_mex:sfc_mex.obj
 0001:000429e0       sf_mex_setcell             00000001800439e0 f   sfc_mex:sfc_mex.obj
 0001:000429f0       sf_mex_getcell             00000001800439f0 f   sfc_mex:sfc_mex.obj
 0001:00042a00       sf_mex_dup                 0000000180043a00 f   sfc_mex:sfc_mex.obj
 0001:00042a20       sf_mex_assign              0000000180043a20 f   sfc_mex:sfc_mex.obj
 0001:00042aa0       sf_mex_destroy             0000000180043aa0 f   sfc_mex:sfc_mex.obj
 0001:00042ad0       mx_array_has_fi_type       0000000180043ad0 f   sfc_mex:sfc_mex.obj
 0001:00042b00       sf_mex_convert_from_fi     0000000180043b00 f   sfc_mex:sfc_mex.obj
 0001:00042bb0       sf_mex_convert_to_double   0000000180043bb0 f   sfc_mex:sfc_mex.obj
 0001:00042cd0       sf_mex_import_fi_vs        0000000180043cd0 f   sfc_mex:sfc_mex.obj
 0001:00042e90       sf_matrix_matrix_index_ok  0000000180043e90 f   sfc_mex:sfc_mex.obj
 0001:00042f20       sf_vector_vector_index_ok  0000000180043f20 f   sfc_mex:sfc_mex.obj
 0001:00042f50       ssGetCurrentInputPortDimensions_wrapper 0000000180043f50 f   sfc_mex:sfc_mex.obj
 0001:00042f70       ssGetCurrentOutputPortDimensions_wrapper 0000000180043f70 f   sfc_mex:sfc_mex.obj
 0001:00042f90       sf_mex_emlrt_context_is_debug_mode 0000000180043f90 f   sfc_mex:sfc_mex.obj
 0001:00042fa0       sf_mex_emlrt_context_set_debug_mode 0000000180043fa0 f   sfc_mex:sfc_mex.obj
 0001:00043010       sf_clear_error_manager_info 0000000180044010 f   sfc_mex:sfc_mex.obj
 0001:00043070       sf_mex_stop_simulation_abruptly_wo_error 0000000180044070 f   sfc_mex:sfc_mex.obj
 0001:000430b0       sf_mex_error_message       00000001800440b0 f   sfc_mex:sfc_mex.obj
 0001:00043110       sf_react_to_error_in_matlab_call 0000000180044110 f   sfc_mex:sfc_mex.obj
 0001:00043140       sf_mex_addfield            0000000180044140 f   sfc_mex:sfc_mex.obj
 0001:000431e0       sf_mex_getfield            00000001800441e0 f   sfc_mex:sfc_mex.obj
 0001:000434e0       sf_mex_check_class         00000001800444e0 f   sfc_mex:sfc_mex.obj
 0001:000435d0       sf_mex_is_real             00000001800445d0 f   sfc_mex:sfc_mex.obj
 0001:00043a40       sf_mex_decode_encoded_mx_struct_array 0000000180044a40 f   sfc_mex:sfc_mex.obj
 0001:00043d20       sf_mex_lw_bounds_check     0000000180044d20 f   sfc_mex:sfc_mex.obj
 0001:00043d50       sf_mex_lw_size_eq_check_1d 0000000180044d50 f   sfc_mex:sfc_mex.obj
 0001:00043d70       sf_mex_lw_size_eq_check_nd 0000000180044d70 f   sfc_mex:sfc_mex.obj
 0001:00043f50       sf_mex_lw_dim_size_eq_check 0000000180044f50 f   sfc_mex:sfc_mex.obj
 0001:00043f80       sf_mex_lw_dim_size_geq_check 0000000180044f80 f   sfc_mex:sfc_mex.obj
 0001:00043fb0       sf_mex_lw_sub_assign_size_check_nd 0000000180044fb0 f   sfc_mex:sfc_mex.obj
 0001:000441e0       sf_mex_lw_runtime_error_msgid 00000001800451e0 f   sfc_mex:sfc_mex.obj
 0001:000442d0       sf_mex_lw_matrix_matrix_index_check 00000001800452d0 f   sfc_mex:sfc_mex.obj
 0001:000442f0       sf_mex_lw_vector_vector_index_check 00000001800452f0 f   sfc_mex:sfc_mex.obj
 0001:00044330       sf_mex_lw_for_loop_vector_check 0000000180045330 f   sfc_mex:sfc_mex.obj
 0001:000443b0       sf_mex_lw_non_negative_check 00000001800453b0 f   sfc_mex:sfc_mex.obj
 0001:000443f0       sf_mex_overflow_error      00000001800453f0 f   sfc_mex:sfc_mex.obj
 0001:00044400       sf_mex_dividebyzero_error  0000000180045400 f   sfc_mex:sfc_mex.obj
 0001:00044410       sf_mex_unsafe_enum_error   0000000180045410 f   sfc_mex:sfc_mex.obj
 0001:00044420       sf_emlrtErrHandler         0000000180045420 f   sfc_mex:sfc_mex.obj
 0001:00044500       sf_mex_printf              0000000180045500 f   sfc_mex:sfc_mex.obj
 0001:000446d0       sf_mex_check_size          00000001800456d0 f   sfc_mex:sfc_mex.obj
 0001:000449a0       sf_mex_check_struct        00000001800459a0 f   sfc_mex:sfc_mex.obj
 0001:00044c00       sf_mex_check_struct_vs     0000000180045c00 f   sfc_mex:sfc_mex.obj
 0001:00044c90       sf_mex_check_fi            0000000180045c90 f   sfc_mex:sfc_mex.obj
 0001:00044d90       sf_mex_check_fi_vs         0000000180045d90 f   sfc_mex:sfc_mex.obj
 0001:00044e30       sf_echo_expression         0000000180045e30 f   sfc_mex:sfc_mex.obj
 0001:00044e90       sf_assertion_failed        0000000180045e90 f   sfc_mex:sfc_mex.obj
 0001:00045170       sf_mex_evalin              0000000180046170 f   sfc_mex:sfc_mex.obj
 0001:000453e0       sf_mex_export              00000001800463e0 f   sfc_mex:sfc_mex.obj
 0001:000454a0       sf_mex_get_ml_var_no_error 00000001800464a0 f   sfc_mex:sfc_mex.obj
 0001:00045640       sf_mex_get_ml_var          0000000180046640 f   sfc_mex:sfc_mex.obj
 0001:00045ae0       ml_set_element_value_in_array 0000000180046ae0 f   sfc_mex:sfc_mex.obj
 0001:000471b0       sf_mex_call_impl           00000001800481b0 f   sfc_mex:sfc_mex.obj
 0001:000476e0       sf_mex_call_debug          00000001800486e0 f   sfc_mex:sfc_mex.obj
 0001:00047710       sf_mex_call                0000000180048710 f   sfc_mex:sfc_mex.obj
 0001:00047d60       sf_mex_createstruct        0000000180048d60 f   sfc_mex:sfc_mex.obj
 0001:00047e50       sf_mex_createstructarray   0000000180048e50 f   sfc_mex:sfc_mex.obj
 0001:00047ed0       sf_mex_get_mx_datatype_from_sf_datatype 0000000180048ed0 f   sfc_mex:sfc_mex.obj
 0001:000481e0       sf_mex_ml_var_sub          00000001800491e0 f   sfc_mex:sfc_mex.obj
 0001:000483b0       sf_mex_ml_var_subsasgn     00000001800493b0 f   sfc_mex:sfc_mex.obj
 0001:000487a0       sf_mex_sub                 00000001800497a0 f   sfc_mex:sfc_mex.obj
 0001:000489a0       sf_mex_subsasgn            00000001800499a0 f   sfc_mex:sfc_mex.obj
 0001:00048e80       sf_mex_create              0000000180049e80 f   sfc_mex:sfc_mex.obj
 0001:000498d0       sf_mex_import_named        000000018004a8d0 f   sfc_mex:sfc_mex.obj
 0001:00049930       sf_mex_import              000000018004a930 f   sfc_mex:sfc_mex.obj
 0001:00049980       sf_mex_import_vs           000000018004a980 f   sfc_mex:sfc_mex.obj
 0001:00049a90       sf_mex_lower_fixpt_mx_array 000000018004aa90 f   sfc_mex:sfc_mex.obj
 0001:00049d80       sf_send_message_wrapper    000000018004ad80 f   sfc_mex:sfc_sf.obj
 0001:00049db0       sf_receive_message_wrapper 000000018004adb0 f   sfc_mex:sfc_sf.obj
 0001:00049df0       sf_check_out_message_wrapper 000000018004adf0 f   sfc_mex:sfc_sf.obj
 0001:00049e30       sf_check_in_message_wrapper 000000018004ae30 f   sfc_mex:sfc_sf.obj
 0001:00049e70       sf_no_message_wrapper      000000018004ae70 f   sfc_mex:sfc_sf.obj
 0001:0004a1b0       sim_mode_is_rtw_gen        000000018004b1b0 f   sfc_mex:sfc_sf.obj
 0001:0004a1e0       sim_mode_is_external       000000018004b1e0 f   sfc_mex:sfc_sf.obj
 0001:0004a1f0       sim_mode_is_modelref_sim   000000018004b1f0 f   sfc_mex:sfc_sf.obj
 0001:0004a210       mdlInitializeSizes         000000018004b210 f   sfc_mex:sfc_sf.obj
 0001:0004a230       mdlInitializeSampleTimes   000000018004b230 f   sfc_mex:sfc_sf.obj
 0001:0004a270       mdlZeroCrossings           000000018004b270 f   sfc_mex:sfc_sf.obj
 0001:0004a350       mdlDerivatives             000000018004b350 f   sfc_mex:sfc_sf.obj
 0001:0004a400       mdl_initialize_conditions_processing 000000018004b400 f   sfc_mex:sfc_sf.obj
 0001:0004a430       mdlInitializeConditions    000000018004b430 f   sfc_mex:sfc_sf.obj
 0001:0004a4f0       mdlGetSimState             000000018004b4f0 f   sfc_mex:sfc_sf.obj
 0001:0004a500       mdlSetSimState             000000018004b500 f   sfc_mex:sfc_sf.obj
 0001:0004a510       mdl_ext_mode_exec_processing 000000018004b510 f   sfc_mex:sfc_sf.obj
 0001:0004a530       mdlExtModeExec             000000018004b530 f   sfc_mex:sfc_sf.obj
 0001:0004a6c0       mdlTerminate               000000018004b6c0 f   sfc_mex:sfc_sf.obj
 0001:0004a730       mdlRTW                     000000018004b730 f   sfc_mex:sfc_sf.obj
 0001:0004a760       mdlSetWorkWidths           000000018004b760 f   sfc_mex:sfc_sf.obj
 0001:0004a770       mdlProcessParameters       000000018004b770 f   sfc_mex:sfc_sf.obj
 0001:0004a780       mdl_start_processing       000000018004b780 f   sfc_mex:sfc_sf.obj
 0001:0004a7c0       mdlStart                   000000018004b7c0 f   sfc_mex:sfc_sf.obj
 0001:0004a8b0       mdlEnable                  000000018004b8b0 f   sfc_mex:sfc_sf.obj
 0001:0004a980       mdlDisable                 000000018004b980 f   sfc_mex:sfc_sf.obj
 0001:0004aa30       sf_get_chart_instance_ptr  000000018004ba30 f   sfc_mex:sfc_sf.obj
 0001:0004aa50       sf_load_rtw_optimization_info 000000018004ba50 f   sfc_mex:sfc_sf.obj
 0001:0004ab20       sf_rtw_info_uint_prop      000000018004bb20 f   sfc_mex:sfc_sf.obj
 0001:0004ac70       sf_is_chart_inlinable      000000018004bc70 f   sfc_mex:sfc_sf.obj
 0001:0004ac80       sf_mark_output_events_with_multiple_callers 000000018004bc80 f   sfc_mex:sfc_sf.obj
 0001:0004ae00       sf_mark_chart_reusable_outputs 000000018004be00 f   sfc_mex:sfc_sf.obj
 0001:0004b040       sf_mark_chart_expressionable_inputs 000000018004c040 f   sfc_mex:sfc_sf.obj
 0001:0004b2a0       sf_get_subchart_simstruct  000000018004c2a0 f   sfc_mex:sfc_sf.obj
 0001:0004b2f0       sf_get_fixpt_data_type_id  000000018004c2f0 f   sfc_mex:sfc_sf.obj
 0001:0004b330       sf_get_enum_data_type_id   000000018004c330 f   sfc_mex:sfc_sf.obj
 0001:0004b370       sf_get_param_data_type_id  000000018004c370 f   sfc_mex:sfc_sf.obj
 0001:0004b3a0       sf_mex_listen_for_ctrl_c_force 000000018004c3a0 f   sfc_mex:sfc_sf.obj
 0001:0004b4b0       sf_mex_draw_now            000000018004c4b0 f   sfc_mex:sfc_sf.obj
 0001:0004b4f0       sf_mex_set_debugger_sim_status_listener_fcn 000000018004c4f0 f   sfc_mex:sfc_sf.obj
 0001:0004b500       sf_mex_listen_for_ctrl_c   000000018004c500 f   sfc_mex:sfc_sf.obj
 0001:0004b590       sf_mex_get_sfun_param      000000018004c590 f   sfc_mex:sfc_sf.obj
 0001:0004b5e0       sf_get_runtime_param_data  000000018004c5e0 f   sfc_mex:sfc_sf.obj
 0001:0004b620       sf_call_output_fcn_call    000000018004c620 f   sfc_mex:sfc_sf.obj
 0001:0004b760       sf_call_output_fcn_enable  000000018004c760 f   sfc_mex:sfc_sf.obj
 0001:0004b7f0       sf_call_output_fcn_disable 000000018004c7f0 f   sfc_mex:sfc_sf.obj
 0001:0004b880       sf_clear_rtw_identifier    000000018004c880 f   sfc_mex:sfc_sf.obj
 0001:0004c070       sf_set_encoded_dwork_info  000000018004d070 f   sfc_mex:sfc_sf.obj
 0001:0004c0c0       sf_get_dwork_info_from_mat_file 000000018004d0c0 f   sfc_mex:sfc_sf.obj
 0001:0004c280       sf_set_rtw_dwork_info      000000018004d280 f   sfc_mex:sfc_sf.obj
 0001:0004c3d0       mdlOutputs                 000000018004d3d0 f   sfc_mex:sfc_sf.obj
 0001:0004c570       sf_debug_disp              000000018004d570 f   sfc_debug:sfcdebug.obj
 0001:0004c7d0       sf_debug_data_runtime_size_mismatch_error_check 000000018004d7d0 f   sfc_debug:sfcdebug.obj
 0001:0004c870       sf_debug_try_loading_machine 000000018004d870 f   sfc_debug:sfcdebug.obj
 0001:0004c970       sf_debug_reset_current_state_configuration 000000018004d970 f   sfc_debug:sfcdebug.obj
 0001:0004ca00       sf_debug_store_current_state_configuration 000000018004da00 f   sfc_debug:sfcdebug.obj
 0001:0004ca90       sf_debug_restore_previous_state_configuration 000000018004da90 f   sfc_debug:sfcdebug.obj
 0001:0004cb20       sf_debug_restore_previous_state_configuration2 000000018004db20 f   sfc_debug:sfcdebug.obj
 0001:0004cbb0       sf_debug_get_event_scope   000000018004dbb0 f   sfc_debug:sfcdebug.obj
 0001:0004cd20       use_debugger_step_animation 000000018004dd20 f   sfc_debug:sfcdebug.obj
 0001:0004cd40       sf_debug_get_script_id     000000018004dd40 f   sfc_debug:sfcdebug.obj
 0001:0004cdd0       sf_debug_set_script_translation 000000018004ddd0 f   sfc_debug:sfcdebug.obj
 0001:0004ce90       sf_debug_get_current_machine_id 000000018004de90 f   sfc_debug:sfcdebug.obj
 0001:0004ceb0       sf_debug_get_current_optional_integer 000000018004deb0 f   sfc_debug:sfcdebug.obj
 0001:0004cec0       sf_debug_get_current_machine_number 000000018004dec0 f   sfc_debug:sfcdebug.obj
 0001:0004cee0       sf_debug_get_current_machine_name 000000018004dee0 f   sfc_debug:sfcdebug.obj
 0001:0004cf00       sf_debug_get_current_chart_id 000000018004df00 f   sfc_debug:sfcdebug.obj
 0001:0004cf50       sf_debug_get_current_chart_number 000000018004df50 f   sfc_debug:sfcdebug.obj
 0001:0004cf60       sf_debug_get_current_instance_number 000000018004df60 f   sfc_debug:sfcdebug.obj
 0001:0004cf70       sf_debug_get_current_is_minor_time_step 000000018004df70 f   sfc_debug:sfcdebug.obj
 0001:0004cff0       sf_debug_get_current_object_type 000000018004dff0 f   sfc_debug:sfcdebug.obj
 0001:0004d000       sf_debug_get_current_instance_handle 000000018004e000 f   sfc_debug:sfcdebug.obj
 0001:0004d060       sf_debug_get_current_event_type 000000018004e060 f   sfc_debug:sfcdebug.obj
 0001:0004d070       sf_debug_get_current_object_id 000000018004e070 f   sfc_debug:sfcdebug.obj
 0001:0004d0b0       sf_debug_get_current_active_event_type 000000018004e0b0 f   sfc_debug:sfcdebug.obj
 0001:0004d0c0       sf_debug_get_current_active_event_id 000000018004e0c0 f   sfc_debug:sfcdebug.obj
 0001:0004d100       sf_debug_get_current_tag_type 000000018004e100 f   sfc_debug:sfcdebug.obj
 0001:0004d110       sf_debug_get_current_simulation_time 000000018004e110 f   sfc_debug:sfcdebug.obj
 0001:0004d120       sf_debug_get_current_coverage_percentage 000000018004e120 f   sfc_debug:sfcdebug.obj
 0001:0004d130       sf_debug_current_statement_context 000000018004e130 f   sfc_debug:sfcdebug.obj
 0001:0004d1c0       sf_debug_get_current_statement_info 000000018004e1c0 f   sfc_debug:sfcdebug.obj
 0001:0004d340       sf_debug_terminate_instance 000000018004e340 f   sfc_debug:sfcdebug.obj
 0001:0004d650       sf_debug_assertion_failed  000000018004e650 f   sfc_debug:sfcdebug.obj
 0001:0004d800       sf_debug_set_number_of_data_with_change_event_for_machine 000000018004e800 f   sfc_debug:sfcdebug.obj
 0001:0004d840       sf_debug_set_machine_event_thresholds 000000018004e840 f   sfc_debug:sfcdebug.obj
 0001:0004d860       sf_debug_set_machine_event_scope 000000018004e860 f   sfc_debug:sfcdebug.obj
 0001:0004d8a0       sf_debug_set_machine_data_thresholds 000000018004e8a0 f   sfc_debug:sfcdebug.obj
 0001:0004d8e0       sf_debug_set_machine_data_scope 000000018004e8e0 f   sfc_debug:sfcdebug.obj
 0001:0004d970       sf_debug_set_machine_data_name 000000018004e970 f   sfc_debug:sfcdebug.obj
 0001:0004da10       sf_debug_set_machine_data_size 000000018004ea10 f   sfc_debug:sfcdebug.obj
 0001:0004db50       sf_debug_set_machine_data_type 000000018004eb50 f   sfc_debug:sfcdebug.obj
 0001:0004dcc0       sf_debug_get_chart_data_number 000000018004ecc0 f   sfc_debug:sfcdebug.obj
 0001:0004dce0       sf_debug_get_chart_event_number 000000018004ece0 f   sfc_debug:sfcdebug.obj
 0001:0004dd00       sf_debug_set_chart_state_info 000000018004ed00 f   sfc_debug:sfcdebug.obj
 0001:0004dd80       sf_debug_set_chart_decomposition 000000018004ed80 f   sfc_debug:sfcdebug.obj
 0001:0004ddf0       sf_debug_set_chart_substate_count 000000018004edf0 f   sfc_debug:sfcdebug.obj
 0001:0004ded0       sf_debug_set_chart_substate_index 000000018004eed0 f   sfc_debug:sfcdebug.obj
 0001:0004df40       sf_debug_set_chart_state_substate_count 000000018004ef40 f   sfc_debug:sfcdebug.obj
 0001:0004e050       sf_debug_set_chart_state_substate_index 000000018004f050 f   sfc_debug:sfcdebug.obj
 0001:0004e0d0       sf_debug_set_number_of_data_with_change_event_for_chart 000000018004f0d0 f   sfc_debug:sfcdebug.obj
 0001:0004e150       sf_debug_set_number_of_states_with_entry_event_for_chart 000000018004f150 f   sfc_debug:sfcdebug.obj
 0001:0004e1c0       sf_debug_set_number_of_states_with_exit_event_for_chart 000000018004f1c0 f   sfc_debug:sfcdebug.obj
 0001:0004e230       sf_debug_set_chart_disable_implicit_casting 000000018004f230 f   sfc_debug:sfcdebug.obj
 0001:0004e2a0       sf_debug_set_chart_event_thresholds 000000018004f2a0 f   sfc_debug:sfcdebug.obj
 0001:0004e310       sf_debug_set_chart_data_compiled_props 000000018004f310 f   sfc_debug:sfcdebug.obj
 0001:0004e660       sf_debug_set_chart_data_props 000000018004f660 f   sfc_debug:sfcdebug.obj
 0001:0004e980       sf_debug_check_fi_license  000000018004f980 f   sfc_debug:sfcdebug.obj
 0001:0004eb70       sf_debug_symbol_scope_push 000000018004fb70 f   sfc_debug:sfcdebug.obj
 0001:0004ebb0       sf_debug_symbol_scope_push_eml 000000018004fbb0 f   sfc_debug:sfcdebug.obj
 0001:0004ec00       sf_debug_symbol_scope_pop  000000018004fc00 f   sfc_debug:sfcdebug.obj
 0001:0004ec40       sf_debug_symbol_scope_add_importable 000000018004fc40 f   sfc_debug:sfcdebug.obj
 0001:0004ecc0       sf_debug_symbol_scope_add  000000018004fcc0 f   sfc_debug:sfcdebug.obj
 0001:0004ed40       sf_debug_symbol_scope_add_dyn_importable 000000018004fd40 f   sfc_debug:sfcdebug.obj
 0001:0004ee00       sf_debug_symbol_scope_add_dyn 000000018004fe00 f   sfc_debug:sfcdebug.obj
 0001:0004ee30       sf_debug_symbol_scope_add_eml_importable 000000018004fe30 f   sfc_debug:sfcdebug.obj
 0001:0004ee70       sf_debug_symbol_scope_add_eml 000000018004fe70 f   sfc_debug:sfcdebug.obj
 0001:0004eeb0       sf_debug_symbol_scope_add_eml_dyn_importable 000000018004feb0 f   sfc_debug:sfcdebug.obj
 0001:0004ef20       sf_debug_symbol_scope_add_eml_dyn 000000018004ff20 f   sfc_debug:sfcdebug.obj
 0001:0004ef80       sf_debug_symbol_switch     000000018004ff80 f   sfc_debug:sfcdebug.obj
 0001:0004efa0       sf_debug_symbol_scope_add_verbose 000000018004ffa0 f   sfc_debug:sfcdebug.obj
 0001:0004f070       sf_debug_set_machine_data_value_ptr 0000000180050070 f   sfc_debug:sfcdebug.obj
 0001:0004f0b0       sf_debug_set_instance_data_value_ptr 00000001800500b0 f   sfc_debug:sfcdebug.obj
 0001:0004f170       sf_debug_unset_instance_data_value_ptr 0000000180050170 f   sfc_debug:sfcdebug.obj
 0001:0004f220       sf_debug_set_chart_event_scope 0000000180050220 f   sfc_debug:sfcdebug.obj
 0001:0004f2a0       sf_debug_set_chart_transition_coverage_maps 00000001800502a0 f   sfc_debug:sfcdebug.obj
 0001:0004f3b0       sf_debug_set_chart_state_coverage_maps 00000001800503b0 f   sfc_debug:sfcdebug.obj
 0001:0004f490       sf_debug_set_instance_transition_coverage_weights 0000000180050490 f   sfc_debug:sfcdebug.obj
 0001:0004f530       sf_debug_set_instance_state_coverage_weights 0000000180050530 f   sfc_debug:sfcdebug.obj
 0001:0004f780       sf_debug_unload_machine    0000000180050780 f   sfc_debug:sfcdebug.obj
 0001:0004f7d0       sf_debug_load_machine      00000001800507d0 f   sfc_debug:sfcdebug.obj
 0001:0004f8d0       sf_debug_set_active_instance_in_data_dictionary 00000001800508d0 f   sfc_debug:sfcdebug.obj
 0001:0004fab0       sf_debug_set_active_instance 0000000180050ab0 f   sfc_debug:sfcdebug.obj
 0001:0004fbf0       sf_debug_chart_visiblity_change 0000000180050bf0 f   sfc_debug:sfcdebug.obj
 0001:0004fcd0       sf_debug_select_chart      0000000180050cd0 f   sfc_debug:sfcdebug.obj
 0001:0004fda0       sf_debug_set_instance_cv_ids 0000000180050da0 f   sfc_debug:sfcdebug.obj
 0001:000500b0       sf_debug_select_charts     00000001800510b0 f   sfc_debug:sfcdebug.obj
 0001:000501f0       sf_debug_initialized       00000001800511f0 f   sfc_debug:sfcdebug.obj
 0001:00050200       sf_debug_is_uninterruptible 0000000180051200 f   sfc_debug:sfcdebug.obj
 0001:00050230       sf_debug_initialize_debugger_gui 0000000180051230 f   sfc_debug:sfcdebug.obj
 0001:00050620       sf_debug_resume            0000000180051620 f   sfc_debug:sfcdebug.obj
 0001:00050640       sf_debug_go                0000000180051640 f   sfc_debug:sfcdebug.obj
 0001:00050650       sf_debug_break             0000000180051650 f   sfc_debug:sfcdebug.obj
 0001:00050660       sf_debug_step_over         0000000180051660 f   sfc_debug:sfcdebug.obj
 0001:00050670       sf_debug_step_out          0000000180051670 f   sfc_debug:sfcdebug.obj
 0001:00050680       sf_debug_set_disable_all_breakpoints 0000000180051680 f   sfc_debug:sfcdebug.obj
 0001:00050690       sf_debug_disable_all_breakpoints_and_go 0000000180051690 f   sfc_debug:sfcdebug.obj
 0001:000506a0       sf_debug_break_on_chart_entry 00000001800516a0 f   sfc_debug:sfcdebug.obj
 0001:000506b0       sf_debug_break_on_event_broadcast 00000001800516b0 f   sfc_debug:sfcdebug.obj
 0001:000506c0       sf_debug_break_on_state_entry 00000001800516c0 f   sfc_debug:sfcdebug.obj
 0001:000506d0       sf_debug_break_between_times 00000001800516d0 f   sfc_debug:sfcdebug.obj
 0001:000506f0       sf_debug_browse_data       00000001800516f0 f   sfc_debug:sfcdebug.obj
 0001:00050710       sf_debug_watch_data        0000000180051710 f   sfc_debug:sfcdebug.obj
 0001:00050730       sf_debug_assign_data       0000000180051730 f   sfc_debug:sfcdebug.obj
 0001:00050750       sf_debug_whos              0000000180051750 f   sfc_debug:sfcdebug.obj
 0001:00050770       sf_debug_get_consistency_info 0000000180051770 f   sfc_debug:sfcdebug.obj
 0001:00050780       sf_debug_browse_trace      0000000180051780 f   sfc_debug:sfcdebug.obj
 0001:00050790       sf_debug_set_breakpoints   0000000180051790 f   sfc_debug:sfcdebug.obj
 0001:000508f0       sf_debug_set_eml_breakpoints 00000001800518f0 f   sfc_debug:sfcdebug.obj
 0001:00050a50       sf_debug_set_script_breakpoints 0000000180051a50 f   sfc_debug:sfcdebug.obj
 0001:00050ad0       sf_debug_add_script_breakpoints 0000000180051ad0 f   sfc_debug:sfcdebug.obj
 0001:00050b40       sf_debug_clear_script_breakpoints 0000000180051b40 f   sfc_debug:sfcdebug.obj
 0001:00050bb0       sf_debug_query_script_breakpoints 0000000180051bb0 f   sfc_debug:sfcdebug.obj
 0001:00050c70       sf_debug_get_eml_script_id 0000000180051c70 f   sfc_debug:sfcdebug.obj
 0001:00050cc0       sf_debug_set_watch         0000000180051cc0 f   sfc_debug:sfcdebug.obj
 0001:00050ef0       sf_debug_get_instance_handle 0000000180051ef0 f   sfc_debug:sfcdebug.obj
 0001:00050f80       sf_debug_get_active_states 0000000180051f80 f   sfc_debug:sfcdebug.obj
 0001:00050f90       sf_debug_get_animation     0000000180051f90 f   sfc_debug:sfcdebug.obj
 0001:00050fa0       sf_debug_set_animation     0000000180051fa0 f   sfc_debug:sfcdebug.obj
 0001:00050fb0       sf_debug_animate           0000000180051fb0 f   sfc_debug:sfcdebug.obj
 0001:00050fe0       sf_debug_cycle_detection_check 0000000180051fe0 f   sfc_debug:sfcdebug.obj
 0001:00050ff0       sf_debug_data_range_check  0000000180051ff0 f   sfc_debug:sfcdebug.obj
 0001:00051000       sf_debug_transition_conflict_check 0000000180052000 f   sfc_debug:sfcdebug.obj
 0001:00051010       sf_debug_state_consistency_check 0000000180052010 f   sfc_debug:sfcdebug.obj
 0001:00051020       sf_debug_data_range_check_enabled 0000000180052020 f   sfc_debug:sfcdebug.obj
 0001:00051040       sf_debug_transition_conflict_check_enabled 0000000180052040 f   sfc_debug:sfcdebug.obj
 0001:00051060       sf_debug_transition_conflict_check_begin 0000000180052060 f   sfc_debug:sfcdebug.obj
 0001:00051080       sf_debug_transition_conflict_check_end 0000000180052080 f   sfc_debug:sfcdebug.obj
 0001:000510a0       sf_debug_stop_debugging    00000001800520a0 f   sfc_debug:sfcdebug.obj
 0001:000510d0       sf_debug_is_cycle_detected 00000001800520d0 f   sfc_debug:sfcdebug.obj
 0001:000510e0       sf_debug_is_array_bounds_detected 00000001800520e0 f   sfc_debug:sfcdebug.obj
 0001:000510f0       sf_debug_get_state_vectors_data_size 00000001800520f0 f   sfc_debug:sfcdebug.obj
 0001:00051130       sf_debug_get_state_vectors_data 0000000180052130 f   sfc_debug:sfcdebug.obj
 0001:00051230       sf_debug_set_state_vectors_data 0000000180052230 f   sfc_debug:sfcdebug.obj
 0001:000514f0       sf_debug_get_script_index  00000001800524f0 f   sfc_debug:sfcdebug.obj
 0001:00051680       sf_debug_add_script        0000000180052680 f   sfc_debug:sfcdebug.obj
 0001:00051810       cv_eval_point              0000000180052810 f   sfc_debug:sfcdebug.obj
 0001:00051980       sf_debug_cv_init_state     0000000180052980 f   sfc_debug:sfcdebug.obj
 0001:00051aa0       sf_debug_cv_init_chart     0000000180052aa0 f   sfc_debug:sfcdebug.obj
 0001:00051b80       sf_debug_cv_init_trans     0000000180052b80 f   sfc_debug:sfcdebug.obj
 0001:00051d60       cv_eml_init_script         0000000180052d60 f   sfc_debug:sfcdebug.obj
 0001:00051e60       cv_eml_init_fcn            0000000180052e60 f   sfc_debug:sfcdebug.obj
 0001:00051f10       cv_eml_init_testobjective  0000000180052f10 f   sfc_debug:sfcdebug.obj
 0001:00051fe0       cv_eml_init_if             0000000180052fe0 f   sfc_debug:sfcdebug.obj
 0001:000520b0       cv_eml_init_for            00000001800530b0 f   sfc_debug:sfcdebug.obj
 0001:00052170       cv_eml_init_while          0000000180053170 f   sfc_debug:sfcdebug.obj
 0001:00052230       cv_eml_init_mcdc           0000000180053230 f   sfc_debug:sfcdebug.obj
 0001:00052340       cv_eml_init_switch         0000000180053340 f   sfc_debug:sfcdebug.obj
 0001:00052430       cv_eml_eval                0000000180053430 f   sfc_debug:sfcdebug.obj
 0001:00052510       sf_debug_bm_is_a_eml_breakpoint 0000000180053510 f   sfc_debug:sfcdebug.obj
 0001:00052660       sf_debug_temporal_threshold 0000000180053660 f   sfc_debug:sfcdebug.obj
 0001:000529c0       sf_debug_transition_conflict_error 00000001800539c0 f   sfc_debug:sfcdebug.obj
 0001:00052d40       sf_debug_state_inconsistency_error 0000000180053d40 f   sfc_debug:sfcdebug.obj
 0001:00052e60       sf_debug_check_for_state_inconsistency 0000000180053e60 f   sfc_debug:sfcdebug.obj
 0001:00052e90       sf_debug_cycle_detecton_error 0000000180053e90 f   sfc_debug:sfcdebug.obj
 0001:00053680       sf_debug_size_eq_check_1d  0000000180054680 f   sfc_debug:sfcdebug.obj
 0001:000536a0       sf_debug_size_eq_check_nd  00000001800546a0 f   sfc_debug:sfcdebug.obj
 0001:00053880       sf_debug_dim_size_eq_check 0000000180054880 f   sfc_debug:sfcdebug.obj
 0001:000538b0       sf_debug_dim_size_geq_check 00000001800548b0 f   sfc_debug:sfcdebug.obj
 0001:000538e0       sf_debug_sub_assign_size_check_nd 00000001800548e0 f   sfc_debug:sfcdebug.obj
 0001:00053b20       sf_debug_matrix_matrix_index_check 0000000180054b20 f   sfc_debug:sfcdebug.obj
 0001:00053b50       sf_debug_vector_vector_index_check 0000000180054b50 f   sfc_debug:sfcdebug.obj
 0001:00053b80       sf_debug_for_loop_vector_check 0000000180054b80 f   sfc_debug:sfcdebug.obj
 0001:00053c00       sf_debug_runtime_error_msgid 0000000180054c00 f   sfc_debug:sfcdebug.obj
 0001:00053c90       sf_debug_data_array_bounds_error_check 0000000180054c90 f   sfc_debug:sfcdebug.obj
 0001:00053da0       sf_debug_eml_data_array_bounds_error_check 0000000180054da0 f   sfc_debug:sfcdebug.obj
 0001:00054280       sf_debug_integer_check     0000000180055280 f   sfc_debug:sfcdebug.obj
 0001:00054360       sf_debug_not_nan_check     0000000180055360 f   sfc_debug:sfcdebug.obj
 0001:00054420       sf_debug_non_negative_check 0000000180055420 f   sfc_debug:sfcdebug.obj
 0001:000544e0       sf_debug_overflow_detection 00000001800554e0 f   sfc_debug:sfcdebug.obj
 0001:00054bd0       sf_debug_cast_to_real32_T  0000000180055bd0 f   sfc_debug:sfcdebug.obj
 0001:00054c90       sf_debug_cast_to_int8_T    0000000180055c90 f   sfc_debug:sfcdebug.obj
 0001:00054d50       sf_debug_cast_to_uint8_T   0000000180055d50 f   sfc_debug:sfcdebug.obj
 0001:00054e10       sf_debug_cast_to_int16_T   0000000180055e10 f   sfc_debug:sfcdebug.obj
 0001:00054ed0       sf_debug_cast_to_uint16_T  0000000180055ed0 f   sfc_debug:sfcdebug.obj
 0001:00054f90       sf_debug_cast_to_int32_T   0000000180055f90 f   sfc_debug:sfcdebug.obj
 0001:00055050       sf_debug_cast_to_uint32_T  0000000180056050 f   sfc_debug:sfcdebug.obj
 0001:00055110       sf_debug_data_range_error  0000000180056110 f   sfc_debug:sfcdebug.obj
 0001:00055460       sf_debug_read_before_write_check 0000000180056460 f   sfc_debug:sfcdebug.obj
 0001:00055850       sf_debug_data_range_error_wrapper_min_max 0000000180056850 f   sfc_debug:sfcdebug.obj
 0001:00055940       sf_debug_data_range_error_wrapper_min 0000000180056940 f   sfc_debug:sfcdebug.obj
 0001:00055a20       sf_debug_data_range_error_wrapper_max 0000000180056a20 f   sfc_debug:sfcdebug.obj
 0001:00055b00       sf_debug_data_range_wrapper 0000000180056b00 f   sfc_debug:sfcdebug.obj
 0001:00055bb0       sf_debug_set_current_status_info 0000000180056bb0 f   sfc_debug:sfcdebug.obj
 0001:00055f60       sf_debug_call              0000000180056f60 f   sfc_debug:sfcdebug.obj
 0001:00056e20       sf_debug_initialize_machine 0000000180057e20 f   sfc_debug:sfcdebug.obj
 0001:00057130       sf_debug_initialize_chart  0000000180058130 f   sfc_debug:sfcdebug.obj
 0001:00057610       sf_debug_ensure_script     0000000180058610 f   sfc_debug:sfcdebug.obj
 0001:000576d0       cv_script_init_script      00000001800586d0 f   sfc_debug:sfcdebug.obj
 0001:000577b0       cv_script_init_fcn         00000001800587b0 f   sfc_debug:sfcdebug.obj
 0001:00057860       cv_script_init_testobjective 0000000180058860 f   sfc_debug:sfcdebug.obj
 0001:00057910       cv_script_init_if          0000000180058910 f   sfc_debug:sfcdebug.obj
 0001:000579c0       cv_script_init_for         00000001800589c0 f   sfc_debug:sfcdebug.obj
 0001:00057a70       cv_script_init_while       0000000180058a70 f   sfc_debug:sfcdebug.obj
 0001:00057b20       cv_script_init_mcdc        0000000180058b20 f   sfc_debug:sfcdebug.obj
 0001:00057c20       cv_script_init_switch      0000000180058c20 f   sfc_debug:sfcdebug.obj
 0001:00057d00       cv_script_eval             0000000180058d00 f   sfc_debug:sfcdebug.obj
 0001:00057de0       eml_debug_line_call        0000000180058de0 f   sfc_debug:sfcdebug.obj
 0001:00057f90       sf_debug_terminate         0000000180058f90 f   sfc_debug:sfcdebug.obj
 0001:00058100       sf_debug_set_script_cv_ids 0000000180059100 f   sfc_debug:sfcdebug.obj
 0001:000582d0       sf_debug_api               00000001800592d0 f   sfc_debug:sfc_api.obj
 0001:00059a80       sf_debug_sm_terminate      000000018005aa80 f   sfc_debug:sfdb_animation.obj
 0001:00059c40       sf_debug_reset_path_objects 000000018005ac40 f   sfc_debug:sfdb_animation.obj
 0001:00059cc0       sf_debug_sm_reset_object_selection_status 000000018005acc0 f   sfc_debug:sfdb_animation.obj
 0001:00059d60       sf_debug_sm_reset_state_buffer 000000018005ad60 f   sfc_debug:sfdb_animation.obj
 0001:00059e30       sf_debug_sm_store_state_buffer 000000018005ae30 f   sfc_debug:sfdb_animation.obj
 0001:00059eb0       sf_debug_sm_restore_state_buffer1 000000018005aeb0 f   sfc_debug:sfdb_animation.obj
 0001:00059f20       sf_debug_sm_restore_state_buffer2 000000018005af20 f   sfc_debug:sfdb_animation.obj
 0001:00059f90       sf_debug_sm_chart_active   000000018005af90 f   sfc_debug:sfdb_animation.obj
 0001:00059fe0       sf_debug_sm_select_active_objects 000000018005afe0 f   sfc_debug:sfdb_animation.obj
 0001:0005a490       sf_debug_sm_is_chart_active 000000018005b490 f   sfc_debug:sfdb_animation.obj
 0001:0005a4d0       sf_debug_sm_is_state_active 000000018005b4d0 f   sfc_debug:sfdb_animation.obj
 0001:0005a710       sf_debug_sm_get_active_states 000000018005b710 f   sfc_debug:sfdb_animation.obj
 0001:0005acd0       sf_debug_sm_initialize_instance 000000018005bcd0 f   sfc_debug:sfdb_animation.obj
 0001:0005af20       sf_debug_sm_change_object_selection_status 000000018005bf20 f   sfc_debug:sfdb_animation.obj
 0001:0005b210       cv_create_interface        000000018005c210 f   sfc_debug:cv_sfinterface.obj
 0001:0005b570       cv_init_trans              000000018005c570 f   sfc_debug:cv_sfinterface.obj
 0001:0005b5c0       cv_init_state              000000018005c5c0 f   sfc_debug:cv_sfinterface.obj
 0001:0005b630       cv_init_chart              000000018005c630 f   sfc_debug:cv_sfinterface.obj
 0001:0005b680       cv_dec_update_call         000000018005c680 f   sfc_debug:cv_sfinterface.obj
 0001:0005b6c0       cv_cond_update_call        000000018005c6c0 f   sfc_debug:cv_sfinterface.obj
 0001:0005b700       cv_sigrange_update         000000018005c700 f   sfc_debug:cv_sfinterface.obj
 0001:0005b740       cvsf_eml_eval              000000018005c740 f   sfc_debug:cv_sfinterface.obj
 0001:0005b820       cvsf_eml_init_script       000000018005c820 f   sfc_debug:cv_sfinterface.obj
 0001:0005b8a0       cvsf_eml_init_fcn          000000018005c8a0 f   sfc_debug:cv_sfinterface.obj
 0001:0005b900       cvsf_eml_init_testobjective 000000018005c900 f   sfc_debug:cv_sfinterface.obj
 0001:0005b960       cvsf_eml_init_if           000000018005c960 f   sfc_debug:cv_sfinterface.obj
 0001:0005b9c0       cvsf_eml_init_for          000000018005c9c0 f   sfc_debug:cv_sfinterface.obj
 0001:0005ba10       cvsf_eml_init_while        000000018005ca10 f   sfc_debug:cv_sfinterface.obj
 0001:0005ba60       cvsf_eml_init_mcdc         000000018005ca60 f   sfc_debug:cv_sfinterface.obj
 0001:0005baf0       cvsf_eml_init_switch       000000018005caf0 f   sfc_debug:cv_sfinterface.obj
 0001:0005bb60       cvsf_script_eval           000000018005cb60 f   sfc_debug:cv_sfinterface.obj
 0001:0005bc40       cvsf_script_init_script    000000018005cc40 f   sfc_debug:cv_sfinterface.obj
 0001:0005bcc0       cvsf_script_init_fcn       000000018005ccc0 f   sfc_debug:cv_sfinterface.obj
 0001:0005bd20       cvsf_script_init_testobjective 000000018005cd20 f   sfc_debug:cv_sfinterface.obj
 0001:0005bd80       cvsf_script_init_if        000000018005cd80 f   sfc_debug:cv_sfinterface.obj
 0001:0005bde0       cvsf_script_init_for       000000018005cde0 f   sfc_debug:cv_sfinterface.obj
 0001:0005be30       cvsf_script_init_while     000000018005ce30 f   sfc_debug:cv_sfinterface.obj
 0001:0005be80       cvsf_script_init_mcdc      000000018005ce80 f   sfc_debug:cv_sfinterface.obj
 0001:0005bf10       cvsf_script_init_switch    000000018005cf10 f   sfc_debug:cv_sfinterface.obj
 0001:0005bf80       cv_destroy_interface       000000018005cf80 f   sfc_debug:cv_sfinterface.obj
 0001:0005bfa0       cv_create_instance_objects 000000018005cfa0 f   sfc_debug:cv_sfinterface.obj
 0001:0005c450       cv_is_enabled              000000018005d450 f   sfc_debug:cv_sfinterface.obj
 0001:0005c460       sf_debug_cv_initialize_script 000000018005d460 f   sfc_debug:cv_sfinterface.obj
 0001:0005c610       sf_debug_cv_initialize_instance 000000018005d610 f   sfc_debug:cv_sfinterface.obj
 0001:0005c9b0       sf_debug_cv_terminate_chart 000000018005d9b0 f   sfc_debug:cv_sfinterface.obj
 0001:0005caf0       cv_call_trans_test         000000018005daf0 f   sfc_debug:cv_sfinterface.obj
 0001:0005cb00       cv_call_sub_cond_test      000000018005db00 f   sfc_debug:cv_sfinterface.obj
 0001:0005cc30       sf_debug_hm_initialize_instance 000000018005dc30 f   sfc_debug:sfdb_handle_management.obj
 0001:0005d1b0       sf_debug_hm_get_object_id  000000018005e1b0 f   sfc_debug:sfdb_handle_management.obj
 0001:0005f120       sf_debug_object_is_eml_function 0000000180060120 f   sfc_debug:sfdb_handle_management.obj
 0001:0005f190       sf_debug_hm_initialize_ids_in_machine 0000000180060190 f   sfc_debug:sfdb_handle_management.obj
 0001:0005f300       sf_debug_hm_initialize_ids_in_chart 0000000180060300 f   sfc_debug:sfdb_handle_management.obj
 0001:0005f440       sf_debug_hm_initialize_chart 0000000180060440 f   sfc_debug:sfdb_handle_management.obj
 0001:0005fbf0       sf_debug_hm_terminate      0000000180060bf0 f   sfc_debug:sfdb_handle_management.obj
 0001:0005fc50       sf_debug_hm_initialize_machine 0000000180060c50 f   sfc_debug:sfdb_handle_management.obj
 0001:00060400       sf_debug_st_initialize_machine 0000000180061400 f   sfc_debug:sfdb_data_browse.obj
 0001:000604c0       sf_debug_st_initialize_instance 00000001800614c0 f   sfc_debug:sfdb_data_browse.obj
 0001:000606f0       sf_debug_st_terminate      00000001800616f0 f   sfc_debug:sfdb_data_browse.obj
 0001:00060a90       sf_debug_st_set_data_value_ptr_in_machine 0000000180061a90 f   sfc_debug:sfdb_data_browse.obj
 0001:00060b20       sf_debug_st_set_data_value_ptr_in_instance 0000000180061b20 f   sfc_debug:sfdb_data_browse.obj
 0001:00060c00       sf_debug_st_unset_data_value_ptr_in_machine 0000000180061c00 f   sfc_debug:sfdb_data_browse.obj
 0001:00060c70       sf_debug_st_unset_data_value_ptr_in_instance 0000000180061c70 f   sfc_debug:sfdb_data_browse.obj
 0001:00060f80       sf_debug_mx_value          0000000180061f80 f   sfc_debug:sfdb_data_browse.obj
 0001:00060fe0       sf_debug_mx_packed_vector  0000000180061fe0 f   sfc_debug:sfdb_data_browse.obj
 0001:000610c0       sf_debug_mx_uint_vector    00000001800620c0 f   sfc_debug:sfdb_data_browse.obj
 0001:00061180       sf_debug_st_get_double_value_from_void_ptr_vector 0000000180062180 f   sfc_debug:sfdb_data_browse.obj
 0001:00061c70       sf_debug_st_browse_data    0000000180062c70 f   sfc_debug:sfdb_data_browse.obj
 0001:00062410       sf_debug_ss_initialize     0000000180063410 f   sfc_debug:sfdb_symbol_scope.obj
 0001:00062430       sf_debug_ss_terminate      0000000180063430 f   sfc_debug:sfdb_symbol_scope.obj
 0001:000624c0       sf_debug_ss_push_symbol_scope 00000001800634c0 f   sfc_debug:sfdb_symbol_scope.obj
 0001:000625c0       sf_debug_ss_push_symbol_scope_eml 00000001800635c0 f   sfc_debug:sfdb_symbol_scope.obj
 0001:00062620       sf_debug_ss_pop_symbol_scope 0000000180063620 f   sfc_debug:sfdb_symbol_scope.obj
 0001:000626d0       sf_debug_ss_add_symbol     00000001800636d0 f   sfc_debug:sfdb_symbol_scope.obj
 0001:00062830       sf_debug_ss_add_symbol_eml 0000000180063830 f   sfc_debug:sfdb_symbol_scope.obj
 0001:00063510       sf_debug_ss_set_data_value 0000000180064510 f   sfc_debug:sfdb_symbol_scope.obj
 0001:000639b0       sf_debug_ss_watch_data     00000001800649b0 f   sfc_debug:sfdb_symbol_scope.obj
 0001:00063a50       sf_debug_ss_assign_data    0000000180064a50 f   sfc_debug:sfdb_symbol_scope.obj
 0001:00064450       get_data_entry_name        0000000180065450 f   sfc_debug:sfdb_symbol_scope.obj
 0001:000644a0       sf_debug_ss_whos           00000001800654a0 f   sfc_debug:sfdb_symbol_scope.obj
 0001:00064bb0       sf_debug_cc_initialize_chart 0000000180065bb0 f   sfc_debug:sfdb_coverage.obj
 0001:000655a0       sf_debug_cc_initialize_instance 00000001800665a0 f   sfc_debug:sfdb_coverage.obj
 0001:000663a0       sf_debug_cc_terminate      00000001800673a0 f   sfc_debug:sfdb_coverage.obj
 0001:00066490       sf_debug_cc_set_transition_maps 0000000180067490 f   sfc_debug:sfdb_coverage.obj
 0001:000665c0       sf_debug_cc_set_state_maps 00000001800675c0 f   sfc_debug:sfdb_coverage.obj
 0001:000666a0       sf_debug_cc_set_transition_weights 00000001800676a0 f   sfc_debug:sfdb_coverage.obj
 0001:00066970       sf_debug_cc_set_state_weights 0000000180067970 f   sfc_debug:sfdb_coverage.obj
 0001:00066c40       sf_debug_cc_mark_transition_guard 0000000180067c40 f   sfc_debug:sfdb_coverage.obj
 0001:00066cd0       sf_debug_cc_mark_transition_trigger 0000000180067cd0 f   sfc_debug:sfdb_coverage.obj
 0001:00066d60       sf_debug_cc_mark_transition_decision 0000000180067d60 f   sfc_debug:sfdb_coverage.obj
 0001:00066dd0       sf_debug_cc_mark_transition_condition_action 0000000180067dd0 f   sfc_debug:sfdb_coverage.obj
 0001:00066e20       sf_debug_cc_mark_transition_transition_action 0000000180067e20 f   sfc_debug:sfdb_coverage.obj
 0001:00066e70       sf_debug_cc_mark_state_entry 0000000180067e70 f   sfc_debug:sfdb_coverage.obj
 0001:00066ec0       sf_debug_cc_mark_state_during 0000000180067ec0 f   sfc_debug:sfdb_coverage.obj
 0001:00066f10       sf_debug_cc_mark_state_exit 0000000180067f10 f   sfc_debug:sfdb_coverage.obj
 0001:00066f60       sf_debug_bm_clear_script_breakpoints 0000000180067f60 f   sfc_debug:sfdb_breakpoints.obj
 0001:00066f90       sf_debug_bm_set_script_breakpoint 0000000180067f90 f   sfc_debug:sfdb_breakpoints.obj
 0001:00067010       sf_debug_bm_clear_single_script_breakpoint 0000000180068010 f   sfc_debug:sfdb_breakpoints.obj
 0001:00067090       sf_debug_bm_query_script_breakpoint 0000000180068090 f   sfc_debug:sfdb_breakpoints.obj
 0001:000670e0       sf_debug_bm_initialize_scripts 00000001800680e0 f   sfc_debug:sfdb_breakpoints.obj
 0001:00067800       sf_debug_bm_terminate      0000000180068800 f   sfc_debug:sfdb_breakpoints.obj
 0001:00067af0       sf_debug_bm_remove_all_breakpoints_in_machine 0000000180068af0 f   sfc_debug:sfdb_breakpoints.obj
 0001:00067b60       sf_debug_bm_remove_all_breakpoints_in_chart 0000000180068b60 f   sfc_debug:sfdb_breakpoints.obj
 0001:00067cb0       sf_debug_bm_initialize_global_breakpoints 0000000180068cb0 f   sfc_debug:sfdb_breakpoints.obj
 0001:00067e30       sf_debug_bm_set_breakpoint 0000000180068e30 f   sfc_debug:sfdb_breakpoints.obj
 0001:00068460       sf_debug_bm_set_eml_breakpoint 0000000180069460 f   sfc_debug:sfdb_breakpoints.obj
 0001:00068500       sf_debug_bm_initialize_machine_breakpoint_map 0000000180069500 f   sfc_debug:sfdb_breakpoints.obj
 0001:00068920       sf_debug_bm_is_a_breakpoint 0000000180069920 f   sfc_debug:sfdb_breakpoints.obj
 0001:00068e40       sf_debug_bm_get_all_breakpoints_in_machine 0000000180069e40 f   sfc_debug:sfdb_breakpoints.obj
 0001:00069140       sf_debug_bm_get_all_breakpoints_in_chart 000000018006a140 f   sfc_debug:sfdb_breakpoints.obj
 0001:00069e00       sf_debug_bm_initialize_machine 000000018006ae00 f   sfc_debug:sfdb_breakpoints.obj
 0001:00069ed0       sf_debug_bm_initialize_chart 000000018006aed0 f   sfc_debug:sfdb_breakpoints.obj
 0001:0006a2f0       sf_debug_sc_terminate      000000018006b2f0 f   sfc_debug:sfdb_state_consistency.obj
 0001:0006a620       sf_debug_sc_is_chart_consistent 000000018006b620 f   sfc_debug:sfdb_state_consistency.obj
 0001:0006a8d0       sf_debug_sc_get_consistency_error_info 000000018006b8d0 f   sfc_debug:sfdb_state_consistency.obj
 0001:0006ad20       sf_debug_tm_terminate      000000018006bd20 f   sfc_debug:sfdb_call_stack.obj
 0001:0006ade0       sf_debug_tm_push_chart_instance 000000018006bde0 f   sfc_debug:sfdb_call_stack.obj
 0001:0006af30       sf_debug_tm_pop_chart_instance 000000018006bf30 f   sfc_debug:sfdb_call_stack.obj
 0001:0006af90       sf_debug_tm_push_trace_node 000000018006bf90 f   sfc_debug:sfdb_call_stack.obj
 0001:0006b120       sf_debug_tm_pop_trace_node 000000018006c120 f   sfc_debug:sfdb_call_stack.obj
 0001:0006b1a0       sf_debug_tm_get_current_global_trace_index 000000018006c1a0 f   sfc_debug:sfdb_call_stack.obj
 0001:0006b1b0       sf_debug_tm_get_current_local_trace_index 000000018006c1b0 f   sfc_debug:sfdb_call_stack.obj
 0001:0006b1e0       sf_debug_tm_set_cycle_detected_flag 000000018006c1e0 f   sfc_debug:sfdb_call_stack.obj
 0001:0006b220       sf_debug_tm_set_cycle_started_flag 000000018006c220 f   sfc_debug:sfdb_call_stack.obj
 0001:0006b260       sf_debug_tm_get_chart_number_from_stack 000000018006c260 f   sfc_debug:sfdb_call_stack.obj
 0001:0006b460       sf_debug_tm_browse_trace   000000018006c460 f   sfc_debug:sfdb_call_stack.obj
 0001:0006b7a0       sf_debug_cd_initialize_instance 000000018006c7a0 f   sfc_debug:sfdb_cycle_detection.obj
 0001:0006ba50       sf_debug_cd_mark_processed_transition_in_instance 000000018006ca50 f   sfc_debug:sfdb_cycle_detection.obj
 0001:0006baf0       sf_debug_cd_checksum_push  000000018006caf0 f   sfc_debug:sfdb_cycle_detection.obj
 0001:0006bdb0       sf_debug_cd_checksum_pop   000000018006cdb0 f   sfc_debug:sfdb_cycle_detection.obj
 0001:0006be20       sf_debug_cd_turn_off_cycle_detection 000000018006ce20 f   sfc_debug:sfdb_cycle_detection.obj
 0001:0006be70       sf_debug_cd_terminate      000000018006ce70 f   sfc_debug:sfdb_cycle_detection.obj
 0001:0006c0b0       md5_initialize_state       000000018006d0b0 f   sfc_debug:ckmd5.obj
 0001:0006cb20       md5_update_state           000000018006db20 f   sfc_debug:ckmd5.obj
 0001:0006cb40       md5_get_hash               000000018006db40 f   sfc_debug:ckmd5.obj
 0001:0006cb70       md5_get_hash_for_a_single_string 000000018006db70 f   sfc_debug:ckmd5.obj
 0001:0006cbd4       mxGetPr                    000000018006dbd4 f   libmx:libmx.dll
 0001:0006cbda       mxCreateDoubleScalar       000000018006dbda f   libmx:libmx.dll
 0001:0006cbe0       mxCreateDoubleMatrix_730   000000018006dbe0 f   libmx:libmx.dll
 0001:0006cbe6       mxSetField_730             000000018006dbe6 f   libmx:libmx.dll
 0001:0006cbec       mxCreateString             000000018006dbec f   libmx:libmx.dll
 0001:0006cbf2       mxCreateStructMatrix_730   000000018006dbf2 f   libmx:libmx.dll
 0001:0006cbf8       mxDestroyArray             000000018006dbf8 f   libmx:libmx.dll
 0001:0006cbfe       mxDuplicateArray           000000018006dbfe f   libmx:libmx.dll
 0001:0006cc04       mxGetString_730            000000018006dc04 f   libmx:libmx.dll
 0001:0006cc0a       mxIsChar                   000000018006dc0a f   libmx:libmx.dll
 0001:0006cc10       mxGetClassID               000000018006dc10 f   libmx:libmx.dll
 0001:0006cc16       mxIsNumeric                000000018006dc16 f   libmx:libmx.dll
 0001:0006cc1c       mxIsComplex                000000018006dc1c f   libmx:libmx.dll
 0001:0006cc22       mxGetN                     000000018006dc22 f   libmx:libmx.dll
 0001:0006cc28       mxGetM                     000000018006dc28 f   libmx:libmx.dll
 0001:0006cc2e       mxCalloc                   000000018006dc2e f   libmx:libmx.dll
 0001:0006cc34       mxGetScalar                000000018006dc34 f   libmx:libmx.dll
 0001:0006cc3a       mxIsLogical                000000018006dc3a f   libmx:libmx.dll
 0001:0006cc40       mxCreateDoubleMatrix_700   000000018006dc40 f   libmx:libmx.dll
 0001:0006cc46       mxFree                     000000018006dc46 f   libmx:libmx.dll
 0001:0006cc4c       mxArrayToString            000000018006dc4c f   libmx:libmx.dll
 0001:0006cc52       mxCreateCellMatrix_700     000000018006dc52 f   libmx:libmx.dll
 0001:0006cc58       mxSetCell_700              000000018006dc58 f   libmx:libmx.dll
 0001:0006cc5e       mxGetCell_700              000000018006dc5e f   libmx:libmx.dll
 0001:0006cc64       mxGetClassName             000000018006dc64 f   libmx:libmx.dll
 0001:0006cc6a       mxSetField_700             000000018006dc6a f   libmx:libmx.dll
 0001:0006cc70       mxAddField                 000000018006dc70 f   libmx:libmx.dll
 0001:0006cc76       mxGetField_700             000000018006dc76 f   libmx:libmx.dll
 0001:0006cc7c       mxGetNumberOfElements      000000018006dc7c f   libmx:libmx.dll
 0001:0006cc82       mxIsStruct                 000000018006dc82 f   libmx:libmx.dll
 0001:0006cc88       mxIsClass                  000000018006dc88 f   libmx:libmx.dll
 0001:0006cc8e       mxGetLogicals              000000018006dc8e f   libmx:libmx.dll
 0001:0006cc94       mxIsSparse                 000000018006dc94 f   libmx:libmx.dll
 0001:0006cc9a       mxSetFieldByNumber_700     000000018006dc9a f   libmx:libmx.dll
 0001:0006cca0       mxGetFieldByNumber_700     000000018006dca0 f   libmx:libmx.dll
 0001:0006cca6       mxGetFieldNameByNumber     000000018006dca6 f   libmx:libmx.dll
 0001:0006ccac       mxGetNumberOfFields        000000018006dcac f   libmx:libmx.dll
 0001:0006ccb2       mxCreateStructMatrix_700   000000018006dcb2 f   libmx:libmx.dll
 0001:0006ccb8       mxGetFieldNumber           000000018006dcb8 f   libmx:libmx.dll
 0001:0006ccbe       mxIsNaN                    000000018006dcbe f   libmx:libmx.dll
 0001:0006ccc4       mxIsEmpty                  000000018006dcc4 f   libmx:libmx.dll
 0001:0006ccca       mxGetData                  000000018006dcca f   libmx:libmx.dll
 0001:0006ccd0       mxGetImagData              000000018006dcd0 f   libmx:libmx.dll
 0001:0006ccd6       mxArrayClassIDName         000000018006dcd6 f   libmx:libmx.dll
 0001:0006ccdc       mxCreateNumericMatrix_700  000000018006dcdc f   libmx:libmx.dll
 0001:0006cce2       mxCreateStructArray_700    000000018006dce2 f   libmx:libmx.dll
 0001:0006cce8       mxCalcSingleSubscript_700  000000018006dce8 f   libmx:libmx.dll
 0001:0006ccee       mxGetDimensions_700        000000018006dcee f   libmx:libmx.dll
 0001:0006ccf4       mxGetNumberOfDimensions_700 000000018006dcf4 f   libmx:libmx.dll
 0001:0006ccfa       mxCreateNumericArray_700   000000018006dcfa f   libmx:libmx.dll
 0001:0006cd00       mxGetElementSize           000000018006dd00 f   libmx:libmx.dll
 0001:0006cd06       mxCreateStringFromNChars_700 000000018006dd06 f   libmx:libmx.dll
 0001:0006cd0c       mxGetString_700            000000018006dd0c f   libmx:libmx.dll
 0001:0006cd12       mxIsLogicalScalarTrue      000000018006dd12 f   libmx:libmx.dll
 0001:0006cd18       mxCreateLogicalScalar      000000018006dd18 f   libmx:libmx.dll
 0001:0006cd1e       mexUnlock                  000000018006dd1e f   libmex:libmex.dll
 0001:0006cd24       mexIsLocked                000000018006dd24 f   libmex:libmex.dll
 0001:0006cd2a       mexWarnMsgTxt              000000018006dd2a f   libmex:libmex.dll
 0001:0006cd30       mexCallMATLAB              000000018006dd30 f   libmex:libmex.dll
 0001:0006cd36       mexErrMsgTxt               000000018006dd36 f   libmex:libmex.dll
 0001:0006cd3c       mexMakeArrayPersistent     000000018006dd3c f   libmex:libmex.dll
 0001:0006cd42       mexSetTrapFlag             000000018006dd42 f   libmex:libmex.dll
 0001:0006cd48       mexPutVariable             000000018006dd48 f   libmex:libmex.dll
 0001:0006cd4e       mexGetVariable             000000018006dd4e f   libmex:libmex.dll
 0001:0006cd54       mexLock                    000000018006dd54 f   libmex:libmex.dll
 0001:0006cd5a       mexMakeMemoryPersistent    000000018006dd5a f   libmex:libmex.dll
 0001:0006cd60       mexFunctionName            000000018006dd60 f   libmex:libmex.dll
 0001:0006cd66       ssRegisterDataTypeFxpFSlopeFixExpBias 000000018006dd66 f   libfixedpoint:libfixedpoint.dll
 0001:0006cd6c       utVSNprintf                000000018006dd6c f   libut:libut.dll
 0001:0006cd72       utCPUtime                  000000018006dd72 f   libut:libut.dll
 0001:0006cd78       utFree                     000000018006dd78 f   libut:libut.dll
 0001:0006cd7e       utMalloc                   000000018006dd7e f   libut:libut.dll
 0001:0006cd84       muDoubleScalarAsin         000000018006dd84 f   libmwmathutil:libmwmathutil.dll
 0001:0006cd8a       muDoubleScalarSqrt         000000018006dd8a f   libmwmathutil:libmwmathutil.dll
 0001:0006cd90       muDoubleScalarAbs          000000018006dd90 f   libmwmathutil:libmwmathutil.dll
 0001:0006cd96       muDoubleScalarSin          000000018006dd96 f   libmwmathutil:libmwmathutil.dll
 0001:0006cd9c       muDoubleScalarCos          000000018006dd9c f   libmwmathutil:libmwmathutil.dll
 0001:0006cda2       muDoubleScalarPower        000000018006dda2 f   libmwmathutil:libmwmathutil.dll
 0001:0006cda8       muDoubleScalarAtan2        000000018006dda8 f   libmwmathutil:libmwmathutil.dll
 0001:0006cdae       muDoubleScalarTan          000000018006ddae f   libmwmathutil:libmwmathutil.dll
 0001:0006cdb4       emlrtCheckBuiltInCtxR2011a 000000018006ddb4 f   libemlrt:libemlrt.dll
 0001:0006cdba       emlrtCheckVsBuiltInCtxR2011a 000000018006ddba f   libemlrt:libemlrt.dll
 0001:0006cdc0       emlrtCheckEnumR2009a       000000018006ddc0 f   libemlrt:libemlrt.dll
 0001:0006cdc6       emlrtCreateEnumR2010a      000000018006ddc6 f   libemlrt:libemlrt.dll
 0001:0006cdcc       emlrtGetEnumElementR2009a  000000018006ddcc f   libemlrt:libemlrt.dll
 0001:0006cdd2       emlrtCreateReference       000000018006ddd2 f   libemlrt:libemlrt.dll
 0001:0006cdd8       emlrtImportVsFiArrayR2009b 000000018006ddd8 f   libemlrt:libemlrt.dll
 0001:0006cdde       emlrtExtractMessageId      000000018006ddde f   libemlrt:libemlrt.dll
 0001:0006cde4       emlrtTranslateMessageIDtoLCPstring 000000018006dde4 f   libemlrt:libemlrt.dll
 0001:0006cdea       emlrtForLoopVectorIsValidR2011b 000000018006ddea f   libemlrt:libemlrt.dll
 0001:0006cdf0       emlrtTranslateUTF16MessagetoLCPstring 000000018006ddf0 f   libemlrt:libemlrt.dll
 0001:0006cdf6       emlrtGetEnumUnderlyingArrayR2009a 000000018006ddf6 f   libemlrt:libemlrt.dll
 0001:0006cdfc       emlrtIsEnumR2009a          000000018006ddfc f   libemlrt:libemlrt.dll
 0001:0006ce04       __GSHandlerCheckCommon     000000018006de04 f   MSVCRT:gshandler.obj
 0001:0006ce68       __GSHandlerCheck           000000018006de68 f   MSVCRT:gshandler.obj
 0001:0006ce86       strlen                     000000018006de86 f   MSVCRT:MSVCR100.dll
 0001:0006cea0       __security_check_cookie    000000018006dea0 f   MSVCRT:amdsecgs.obj
 0001:0006cec0       memset                     000000018006dec0 f   MSVCRT:MSVCR100.dll
 0001:0006cec6       malloc                     000000018006dec6 f   MSVCRT:MSVCR100.dll
 0001:0006cecc       free                       000000018006decc f   MSVCRT:MSVCR100.dll
 0001:0006ced2       strcmp                     000000018006ded2 f   MSVCRT:MSVCR100.dll
 0001:0006ced8       sprintf                    000000018006ded8 f   MSVCRT:MSVCR100.dll
 0001:0006cede       strcat                     000000018006dede f   MSVCRT:MSVCR100.dll
 0001:0006cee4       memcpy                     000000018006dee4 f   MSVCRT:MSVCR100.dll
 0001:0006ceec       NtCurrentTeb               000000018006deec f i MSVCRT:crtdll.obj
 0001:0006cf58       _CRT_INIT                  000000018006df58 f   MSVCRT:crtdll.obj
 0001:0006d2f0       _DllMainCRTStartup         000000018006e2f0 f   MSVCRT:crtdll.obj
 0001:0006d32e       strncpy                    000000018006e32e f   MSVCRT:MSVCR100.dll
 0001:0006d350       _alloca_probe              000000018006e350     MSVCRT:chkstk.obj
 0001:0006d350       __chkstk                   000000018006e350 f   MSVCRT:chkstk.obj
 0001:0006d39e       longjmp                    000000018006e39e f   MSVCRT:MSVCR100.dll
 0001:0006d3a4       strncmp                    000000018006e3a4 f   MSVCRT:MSVCR100.dll
 0001:0006d3aa       ceil                       000000018006e3aa f   MSVCRT:MSVCR100.dll
 0001:0006d3b0       strrchr                    000000018006e3b0 f   MSVCRT:MSVCR100.dll
 0001:0006d3b6       _setjmp                    000000018006e3b6 f   MSVCRT:MSVCR100.dll
 0001:0006d3bc       calloc                     000000018006e3bc f   MSVCRT:MSVCR100.dll
 0001:0006d3c2       realloc                    000000018006e3c2 f   MSVCRT:MSVCR100.dll
 0001:0006d3c8       ldexp                      000000018006e3c8 f   MSVCRT:MSVCR100.dll
 0001:0006d3d0       __report_gsfailure         000000018006e3d0 f   MSVCRT:gs_report.obj
 0001:0006d51c       __clean_type_info_names    000000018006e51c f   MSVCRT:tncleanup.obj
 0001:0006d528       _onexit                    000000018006e528 f   MSVCRT:atonexit.obj
 0001:0006d5d8       atexit                     000000018006e5d8 f   MSVCRT:atonexit.obj
 0001:0006d5f0       _RTC_Initialize            000000018006e5f0 f   MSVCRT:_initsect_.obj
 0001:0006d628       _RTC_Terminate             000000018006e628 f   MSVCRT:_initsect_.obj
 0001:0006d660       _malloc_crt                000000018006e660 f   MSVCRT:MSVCR100.dll
 0001:0006d670       _ValidateImageBase         000000018006e670 f   MSVCRT:pesect.obj
 0001:0006d6a0       _FindPESection             000000018006e6a0 f   MSVCRT:pesect.obj
 0001:0006d6f0       _IsNonwritableInCurrentImage 000000018006e6f0 f   MSVCRT:pesect.obj
 0001:0006d732       _initterm                  000000018006e732 f   MSVCRT:MSVCR100.dll
 0001:0006d738       _initterm_e                000000018006e738 f   MSVCRT:MSVCR100.dll
 0001:0006d73e       _encoded_null              000000018006e73e f   MSVCRT:MSVCR100.dll
 0001:0006d744       _amsg_exit                 000000018006e744 f   MSVCRT:MSVCR100.dll
 0001:0006d74a       __C_specific_handler       000000018006e74a f   MSVCRT:MSVCR100.dll
 0001:0006d750       __CppXcptFilter            000000018006e750 f   MSVCRT:MSVCR100.dll
 0001:0006d758       DllMain                    000000018006e758 f   MSVCRT:dllmain.obj
 0001:0006d77c       __security_init_cookie     000000018006e77c f   MSVCRT:gs_support.obj
 0001:0006d830       __crt_debugger_hook        000000018006e830 f   MSVCRT:MSVCR100.dll
 0001:0006d836       __clean_type_info_names_internal 000000018006e836 f   MSVCRT:MSVCR100.dll
 0001:0006d83c       _unlock                    000000018006e83c f   MSVCRT:MSVCR100.dll
 0001:0006d842       __dllonexit                000000018006e842 f   MSVCRT:MSVCR100.dll
 0001:0006d848       _lock                      000000018006e848 f   MSVCRT:MSVCR100.dll
 0001:0006d84e       EncodePointer              000000018006e84e f   kernel32:KERNEL32.dll
 0001:0006d854       DecodePointer              000000018006e854 f   kernel32:KERNEL32.dll
 0001:0006d85a       Sleep                      000000018006e85a f   kernel32:KERNEL32.dll
 0001:0006d860       TerminateProcess           000000018006e860 f   kernel32:KERNEL32.dll
 0001:0006d866       GetCurrentProcess          000000018006e866 f   kernel32:KERNEL32.dll
 0001:0006d86c       UnhandledExceptionFilter   000000018006e86c f   kernel32:KERNEL32.dll
 0001:0006d872       SetUnhandledExceptionFilter 000000018006e872 f   kernel32:KERNEL32.dll
 0001:0006d878       IsDebuggerPresent          000000018006e878 f   kernel32:KERNEL32.dll
 0001:0006d87e       RtlVirtualUnwind           000000018006e87e f   kernel32:KERNEL32.dll
 0001:0006d884       RtlLookupFunctionEntry     000000018006e884 f   kernel32:KERNEL32.dll
 0001:0006d88a       RtlCaptureContext          000000018006e88a f   kernel32:KERNEL32.dll
 0001:0006d890       DisableThreadLibraryCalls  000000018006e890 f   kernel32:KERNEL32.dll
 0001:0006d896       QueryPerformanceCounter    000000018006e896 f   kernel32:KERNEL32.dll
 0001:0006d89c       GetTickCount               000000018006e89c f   kernel32:KERNEL32.dll
 0001:0006d8a2       GetCurrentThreadId         000000018006e8a2 f   kernel32:KERNEL32.dll
 0001:0006d8a8       GetCurrentProcessId        000000018006e8a8 f   kernel32:KERNEL32.dll
 0001:0006d8ae       GetSystemTimeAsFileTime    000000018006e8ae f   kernel32:KERNEL32.dll
 0002:00000000       __imp_DisableThreadLibraryCalls 000000018006f000     kernel32:KERNEL32.dll
[...]
 0001:00044ed0       check_array_dimensions     0000000180045ed0 f   sfc_mex:sfc_mex.obj
 0001:00044f40       check_input_mxarray        0000000180045f40 f   sfc_mex:sfc_mex.obj
 0001:00045680       sf_numeric_value_to_double 0000000180046680 f   sfc_mex:sfc_mex.obj
 0001:000456d0       ml_generic_out_of_bounds_check 00000001800466d0 f   sfc_mex:sfc_mex.obj
 0001:000458a0       ml_get_element_value_from_array 00000001800468a0 f   sfc_mex:sfc_mex.obj
 0001:00045c40       _ml_generic_castability_check 0000000180046c40 f   sfc_mex:sfc_mex.obj
 0001:000469a0       ml_generic_castability_check 00000001800479a0 f   sfc_mex:sfc_mex.obj
 0001:00046a40       ml_check_mx_array_for_single_castability 0000000180047a40 f   sfc_mex:sfc_mex.obj
 0001:00046ae0       ml_check_mx_array_for_logical_castability 0000000180047ae0 f   sfc_mex:sfc_mex.obj
 0001:00046b80       ml_check_mx_array_for_int8_castability 0000000180047b80 f   sfc_mex:sfc_mex.obj
 0001:00046c30       ml_check_mx_array_for_uint8_castability 0000000180047c30 f   sfc_mex:sfc_mex.obj
 0001:00046c90       ml_check_mx_array_for_int16_castability 0000000180047c90 f   sfc_mex:sfc_mex.obj
 0001:00046cf0       ml_check_mx_array_for_uint16_castability 0000000180047cf0 f   sfc_mex:sfc_mex.obj
 0001:00046d50       ml_check_mx_array_for_int32_castability 0000000180047d50 f   sfc_mex:sfc_mex.obj
 0001:00046db0       ml_check_mx_array_for_uint32_castability 0000000180047db0 f   sfc_mex:sfc_mex.obj
 0001:00046e10       ml_check_mx_array_for_castability 0000000180047e10 f   sfc_mex:sfc_mex.obj
 0001:00047740       set_data_value             0000000180048740 f   sfc_mex:sfc_mex.obj
 0001:00047ab0       get_data_value             0000000180048ab0 f   sfc_mex:sfc_mex.obj
 0001:00047bc0       get_next_element_address   0000000180048bc0 f   sfc_mex:sfc_mex.obj
 0001:00047c90       sf_normalize_index         0000000180048c90 f   sfc_mex:sfc_mex.obj
 0001:00048020       ml_array_index_bound_check 0000000180049020 f   sfc_mex:sfc_mex.obj
 0001:00048b40       mx_value                   0000000180049b40 f   sfc_mex:sfc_mex.obj
 0001:00048b90       sf_create_numeric_array    0000000180049b90 f   sfc_mex:sfc_mex.obj
 0001:00048c30       sf_mex_assign_to_mx_array  0000000180049c30 f   sfc_mex:sfc_mex.obj
 0001:00048f80       assign_from_mx_array       0000000180049f80 f   sfc_mex:sfc_mex.obj
 0001:000497b0       sf_mex_import_v            000000018004a7b0 f   sfc_mex:sfc_mex.obj
 0001:00049eb0       get_machine_and_chart_file_number 000000018004aeb0 f   sfc_mex:sfc_sf.obj
 0001:00049fa0       get_sfun_block_specialization 000000018004afa0 f   sfc_mex:sfc_sf.obj
 0001:0004a020       call_sf_machine_global_method_dispatcher 000000018004b020 f   sfc_mex:sfc_sf.obj
 0001:0004a250       mdl_zeroCrossings_processing 000000018004b250 f   sfc_mex:sfc_sf.obj
 0001:0004a320       mdl_derivatives_processing 000000018004b320 f   sfc_mex:sfc_sf.obj
 0001:0004a5e0       mdl_outputs_continuous_legacy 000000018004b5e0 f   sfc_mex:sfc_sf.obj
 0001:0004a660       mdl_outputs_processing     000000018004b660 f   sfc_mex:sfc_sf.obj
 0001:0004a890       mdl_enable_processing      000000018004b890 f   sfc_mex:sfc_sf.obj
 0001:0004a960       mdl_disable_processing     000000018004b960 f   sfc_mex:sfc_sf.obj
 0001:0004b6a0       sf_call_output_fcn_enable_disable 000000018004c6a0 f   sfc_mex:sfc_sf.obj
 0001:0004b920       set_dwork_information_from_mx_array 000000018004c920 f   sfc_mex:sfc_sf.obj
 0001:0004c1e0       ptr2mxStruct               000000018004d1e0 f   sfc_mex:sfc_sf.obj
 0001:0004c4d0       SNPRINTF_WRAPPER           000000018004d4d0 f   sfc_debug:sfcdebug.obj
 0001:0004c4f0       sf_debug_chart_instance_initialized_quick 000000018004d4f0 f   sfc_debug:sfcdebug.obj
 0001:0004c500       sf_debug_chart_instance_initialized 000000018004d500 f   sfc_debug:sfcdebug.obj
 0001:0004c6a0       sfrtAddSize                000000018004d6a0 f   sfc_debug:sfcdebug.obj
 0001:0004c760       sfrtGenSizeString          000000018004d760 f   sfc_debug:sfcdebug.obj
 0001:0004ce70       sf_debug_sim_status_listener 000000018004de70 f   sfc_debug:sfcdebug.obj
 0001:0004d3e0       sf_debug_form_mask_bits    000000018004e3e0 f   sfc_debug:sfcdebug.obj
 0001:0004d420       sf_debug_form_sf_data_type_offsets 000000018004e420 f   sfc_debug:sfcdebug.obj
 0001:0004d4e0       sf_debug_free_all          000000018004e4e0 f   sfc_debug:sfcdebug.obj
 0001:0004d660       sf_debug_append_debugger_context 000000018004e660 f   sfc_debug:sfcdebug.obj
 0001:0004d920       local_strdup               000000018004e920 f   sfc_debug:sfcdebug.obj
 0001:0004e800       sf_debug_em_terminate      000000018004f800 f   sfc_debug:sfcdebug.obj
 0001:0004e840       sf_debug_push_eml_function 000000018004f840 f   sfc_debug:sfcdebug.obj
 0001:0004e8e0       sf_debug_pop_eml_function  000000018004f8e0 f   sfc_debug:sfcdebug.obj
 0001:0004f5e0       sf_debug_get_machine_number_from_id_or_name 00000001800505e0 f   sfc_debug:sfcdebug.obj
 0001:0004f730       sf_debug_get_chart_number_from_id 0000000180050730 f   sfc_debug:sfcdebug.obj
 0001:000503a0       sf_debug_transfer_control_to_debugger_GUI 00000001800513a0 f   sfc_debug:sfcdebug.obj
 0001:00051330       sf_debug_scripts_rehash    0000000180052330 f   sfc_debug:sfcdebug.obj
 0001:00051570       sf_debug_get_script_line_count 0000000180052570 f   sfc_debug:sfcdebug.obj
 0001:00051c80       cv_eml_state_cvId          0000000180052c80 f   sfc_debug:sfcdebug.obj
 0001:00051cf0       cv_eml_trans_cvId          0000000180052cf0 f   sfc_debug:sfcdebug.obj
 0001:00052fb0       sf_debug_data_array_bounds_error 0000000180053fb0 f   sfc_debug:sfcdebug.obj
 0001:000533e0       eml_debug_runtime_error_doclink 00000001800543e0 f   sfc_debug:sfcdebug.obj
 0001:00053560       sf_debug_runtime_error     0000000180054560 f   sfc_debug:sfcdebug.obj
 0001:000535d0       sf_debug_matlab_error      00000001800545d0 f   sfc_debug:sfcdebug.obj
 0001:00053f00       sf_debug_data_value_error  0000000180054f00 f   sfc_debug:sfcdebug.obj
 0001:00054800       sf_debug_data_loss_error   0000000180055800 f   sfc_debug:sfcdebug.obj
 0001:00055720       call_cv_range_check        0000000180056720 f   sfc_debug:sfcdebug.obj
 0001:00055ef0       sf_debug_invoke_cycle_detection_code 0000000180056ef0 f   sfc_debug:sfcdebug.obj
 0001:00056d60       sf_reset_debug_info_struct 0000000180057d60 f   sfc_debug:sfcdebug.obj
 0001:00057650       cv_script_cvId             0000000180058650 f   sfc_debug:sfcdebug.obj
 0001:00058440       sfc_api_chart_visible      0000000180059440 f   sfc_debug:sfc_api.obj
 0001:000584c0       sfc_api_active_instance    00000001800594c0 f   sfc_debug:sfc_api.obj
 0001:00058540       sfc_api_machine_load       0000000180059540 f   sfc_debug:sfc_api.obj
 0001:00058610       sfc_api_debugger_alive     0000000180059610 f   sfc_debug:sfc_api.obj
 0001:00058620       sfc_api_go                 0000000180059620 f   sfc_debug:sfc_api.obj
 0001:00058630       sfc_api_step_over          0000000180059630 f   sfc_debug:sfc_api.obj
 0001:00058640       sfc_api_step_out           0000000180059640 f   sfc_debug:sfc_api.obj
 0001:00058650       sfc_api_resume             0000000180059650 f   sfc_debug:sfc_api.obj
 0001:00058660       sfc_api_break              0000000180059660 f   sfc_debug:sfc_api.obj
 0001:00058670       sfc_api_stop_debugging     0000000180059670 f   sfc_debug:sfc_api.obj
 0001:000586c0       sfc_api_is_cycle_detected  00000001800596c0 f   sfc_debug:sfc_api.obj
 0001:00058710       sfc_api_is_array_bounds_detected 0000000180059710 f   sfc_debug:sfc_api.obj
 0001:00058760       sfc_api_set_disable_all_breakpoints 0000000180059760 f   sfc_debug:sfc_api.obj
 0001:000587d0       sfc_api_disable_all_breakpoints_and_go 00000001800597d0 f   sfc_debug:sfc_api.obj
 0001:000587e0       sfc_api_close              00000001800597e0 f   sfc_debug:sfc_api.obj
 0001:000587f0       sfc_api_browse_data        00000001800597f0 f   sfc_debug:sfc_api.obj
 0001:00058860       sfc_api_watch_data         0000000180059860 f   sfc_debug:sfc_api.obj
 0001:00058900       sfc_api_assign_data        0000000180059900 f   sfc_debug:sfc_api.obj
 0001:000589a0       sfc_api_whos               00000001800599a0 f   sfc_debug:sfc_api.obj
 0001:00058a30       sfc_api_get_consistency_info 0000000180059a30 f   sfc_debug:sfc_api.obj
 0001:00058a40       sfc_api_browse_trace       0000000180059a40 f   sfc_debug:sfc_api.obj
 0001:00058a50       sfc_api_break_on_chart_entry 0000000180059a50 f   sfc_debug:sfc_api.obj
 0001:00058a70       sfc_api_break_on_event_broadcast 0000000180059a70 f   sfc_debug:sfc_api.obj
 0001:00058a90       sfc_api_break_on_state_entry 0000000180059a90 f   sfc_debug:sfc_api.obj
 0001:00058ab0       sfc_api_set_watch          0000000180059ab0 f   sfc_debug:sfc_api.obj
 0001:00058b50       sfc_api_set_breakpoints    0000000180059b50 f   sfc_debug:sfc_api.obj
 0001:00058bf0       sfc_api_set_eml_breakpoints 0000000180059bf0 f   sfc_debug:sfc_api.obj
 0001:00058c70       sfc_api_set_script_breakpoints 0000000180059c70 f   sfc_debug:sfc_api.obj
 0001:00058cc0       sfc_api_add_script_breakpoints 0000000180059cc0 f   sfc_debug:sfc_api.obj
 0001:00058d10       sfc_api_clear_script_breakpoints 0000000180059d10 f   sfc_debug:sfc_api.obj
 0001:00058d60       sfc_api_query_script_breakpoints 0000000180059d60 f   sfc_debug:sfc_api.obj
 0001:00058dc0       sfc_api_get_script_id      0000000180059dc0 f   sfc_debug:sfc_api.obj
 0001:00058e80       sfc_api_get_active_states  0000000180059e80 f   sfc_debug:sfc_api.obj
 0001:00058f00       sfc_api_break_between_times 0000000180059f00 f   sfc_debug:sfc_api.obj
 0001:00058f60       sfc_api_get_instance_handle 0000000180059f60 f   sfc_debug:sfc_api.obj
 0001:00059010       sfc_api_set_animation      000000018005a010 f   sfc_debug:sfc_api.obj
 0001:00059060       sfc_api_select_chart       000000018005a060 f   sfc_debug:sfc_api.obj
 0001:000590c0       sfc_api_select_charts      000000018005a0c0 f   sfc_debug:sfc_api.obj
 0001:000590f0       sfc_api_cycle_detection_check 000000018005a0f0 f   sfc_debug:sfc_api.obj
 0001:00059140       sfc_api_data_range_check   000000018005a140 f   sfc_debug:sfc_api.obj
 0001:00059190       sfc_api_transition_conflict_check 000000018005a190 f   sfc_debug:sfc_api.obj
 0001:000591e0       sfc_api_state_consistency_check 000000018005a1e0 f   sfc_debug:sfc_api.obj
 0001:00059230       sfc_api_set_instance_cv_ids 000000018005a230 f   sfc_debug:sfc_api.obj
 0001:00059340       sfc_api_set_script_cv_ids  000000018005a340 f   sfc_debug:sfc_api.obj
 0001:000593e0       sfc_api_get_current_machine_id 000000018005a3e0 f   sfc_debug:sfc_api.obj
 0001:00059410       sfc_api_get_current_machine_number 000000018005a410 f   sfc_debug:sfc_api.obj
 0001:00059440       sfc_api_get_current_chart_number 000000018005a440 f   sfc_debug:sfc_api.obj
 0001:00059470       sfc_api_get_current_instance_number 000000018005a470 f   sfc_debug:sfc_api.obj
 0001:000594a0       sfc_api_get_current_instance_handle 000000018005a4a0 f   sfc_debug:sfc_api.obj
 0001:000594c0       sfc_api_get_current_is_minor_time_step 000000018005a4c0 f   sfc_debug:sfc_api.obj
 0001:000594f0       sfc_api_get_current_machine_name 000000018005a4f0 f   sfc_debug:sfc_api.obj
 0001:00059510       sfc_api_get_current_chart_id 000000018005a510 f   sfc_debug:sfc_api.obj
 0001:00059540       sfc_api_get_current_object_type 000000018005a540 f   sfc_debug:sfc_api.obj
 0001:00059570       sfc_api_get_current_event_type 000000018005a570 f   sfc_debug:sfc_api.obj
 0001:000595a0       sfc_api_get_current_object_id 000000018005a5a0 f   sfc_debug:sfc_api.obj
 0001:000595d0       sfc_get_current_active_event_type 000000018005a5d0 f   sfc_debug:sfc_api.obj
 0001:00059600       sfc_api_get_current_active_event_id 000000018005a600 f   sfc_debug:sfc_api.obj
 0001:00059630       sfc_api_get_current_simulation_time 000000018005a630 f   sfc_debug:sfc_api.obj
 0001:00059650       sfc_get_current_tag_type   000000018005a650 f   sfc_debug:sfc_api.obj
 0001:00059680       sfc_get_current_coverage_percentage 000000018005a680 f   sfc_debug:sfc_api.obj
 0001:000596a0       sfc_get_current_statement_context 000000018005a6a0 f   sfc_debug:sfc_api.obj
 0001:000596c0       sfc_get_current_optional_integer 000000018005a6c0 f   sfc_debug:sfc_api.obj
 0001:000596f0       sfc_get_current_statement_info 000000018005a6f0 f   sfc_debug:sfc_api.obj
 0001:00059790       sfc_api_get                000000018005a790 f   sfc_debug:sfc_api.obj
 0001:000598f0       sf_debug_sm_is_using_unified_editors 000000018005a8f0 f   sfc_debug:sfdb_animation.obj
 0001:00059990       sf_debug_sm_is_chart_visible_in_unified_editors 000000018005a990 f   sfc_debug:sfdb_animation.obj
 0001:00059a50       sf_debug_sm_check_if_chart_is_visible 000000018005aa50 f   sfc_debug:sfdb_animation.obj
 0001:0005a550       sf_debug_sm_fill_state_activity_data 000000018005b550 f   sfc_debug:sfdb_animation.obj
 0001:0005cb40       sf_debug_hm_get_simulink_handle 000000018005db40 f   sfc_debug:sfdb_handle_management.obj
 0001:0005d690       sf_debug_hm_initialize_globals 000000018005e690 f   sfc_debug:sfdb_handle_management.obj
 0001:0005d790       sf_debug_hm_get_machine_debug_flag 000000018005e790 f   sfc_debug:sfdb_handle_management.obj
 0001:0005d900       sf_debug_hm_get_machine_id 000000018005e900 f   sfc_debug:sfdb_handle_management.obj
 0001:0005da20       sf_debug_hm_get_chart_id   000000018005ea20 f   sfc_debug:sfdb_handle_management.obj
 0001:0005dbc0       sf_debug_hm_register_executing_SFunction 000000018005ebc0 f   sfc_debug:sfdb_handle_management.obj
 0001:0005dd60       sf_debug_hm_get_chart_active_instance 000000018005ed60 f   sfc_debug:sfdb_handle_management.obj
 0001:0005ded0       sf_debug_hm_get_chart_visibility 000000018005eed0 f   sfc_debug:sfdb_handle_management.obj
 0001:0005e020       sf_debug_hm_form_object_boolean_properties 000000018005f020 f   sfc_debug:sfdb_handle_management.obj
 0001:0005e2f0       sf_debug_hm_form_object_properties 000000018005f2f0 f   sfc_debug:sfdb_handle_management.obj
 0001:0005e530       sf_debug_hm_terminate_charts 000000018005f530 f   sfc_debug:sfdb_handle_management.obj
 0001:0005eca0       sf_debug_hm_terminate_machines 000000018005fca0 f   sfc_debug:sfdb_handle_management.obj
 0001:000605c0       void_ptr_stack_vector_free_total 00000001800615c0 f   sfc_debug:sfdb_data_browse.obj
 0001:00060650       sf_debug_st_terminate_machine 0000000180061650 f   sfc_debug:sfdb_data_browse.obj
 0001:00060690       sf_debug_st_terminate_instance 0000000180061690 f   sfc_debug:sfdb_data_browse.obj
 0001:00060a40       push_on_to_void_ptr_stack  0000000180061a40 f   sfc_debug:sfdb_data_browse.obj
 0001:00060bd0       pop_from_void_ptr_stack    0000000180061bd0 f   sfc_debug:sfdb_data_browse.obj
 0001:00060d00       sf_debug_st_get_data_value 0000000180061d00 f   sfc_debug:sfdb_data_browse.obj
 0001:00061290       mx_value                   0000000180062290 f   sfc_debug:sfdb_data_browse.obj
 0001:000612d0       sf_debug_st_fill_data_struct 00000001800622d0 f   sfc_debug:sfdb_data_browse.obj
 0001:00061610       data_type_format_strings   0000000180062610 f   sfc_debug:sfdb_data_browse.obj
 0001:000616c0       sf_debug_st_fill_data      00000001800626c0 f   sfc_debug:sfdb_data_browse.obj
 0001:00062900       sf_debug_ss_copy_dimension 0000000180063900 f   sfc_debug:sfdb_symbol_scope.obj
 0001:000629c0       sf_debug_ss_get_number_elements 00000001800639c0 f   sfc_debug:sfdb_symbol_scope.obj
 0001:000629e0       sf_debug_ss_fill_data_struct 00000001800639e0 f   sfc_debug:sfdb_symbol_scope.obj
 0001:00062d30       sf_debug_ss_reset_data_info 0000000180063d30 f   sfc_debug:sfdb_symbol_scope.obj
 0001:00062d90       sf_debug_fill_data_info_by_symbol_scope_entry 0000000180063d90 f   sfc_debug:sfdb_symbol_scope.obj
 0001:00062e50       sf_debug_fill_data_info_by_data_vector 0000000180063e50 f   sfc_debug:sfdb_symbol_scope.obj
 0001:000630a0       sf_debug_ss_get_data_info  00000001800640a0 f   sfc_debug:sfdb_symbol_scope.obj
 0001:00063390       sf_debug_select_mex_function 0000000180064390 f   sfc_debug:sfdb_symbol_scope.obj
 0001:000633c0       sf_debug_is_dyn_matrix_initialized 00000001800643c0 f   sfc_debug:sfdb_symbol_scope.obj
 0001:000633e0       sf_debug_ss_set_data_value_try 00000001800643e0 f   sfc_debug:sfdb_symbol_scope.obj
 0001:000635b0       sf_debug_ss_get_data_value 00000001800645b0 f   sfc_debug:sfdb_symbol_scope.obj
 0001:00063b00       sf_debug_ss_data_bytes_string 0000000180064b00 f   sfc_debug:sfdb_symbol_scope.obj
 0001:00063bb0       sf_debug_ss_data_class_string 0000000180064bb0 f   sfc_debug:sfdb_symbol_scope.obj
 0001:00063f40       sf_debug_ss_data_size_string 0000000180064f40 f   sfc_debug:sfdb_symbol_scope.obj
 0001:00064020       sf_debug_ss_data_create_data_info_struct 0000000180065020 f   sfc_debug:sfdb_symbol_scope.obj
 0001:000642f0       sf_debug_ss_data_create_name_value_pair 00000001800652f0 f   sfc_debug:sfdb_symbol_scope.obj
 0001:00064390       sf_debug_ss_data_get_whos_info 0000000180065390 f   sfc_debug:sfdb_symbol_scope.obj
 0001:000643a0       same_named_data_in_data_array 00000001800653a0 f   sfc_debug:sfdb_symbol_scope.obj
 0001:00065c10       sf_debug_cc_terminate_chart 0000000180066c10 f   sfc_debug:sfdb_coverage.obj
 0001:00065fb0       sf_debug_cc_terminate_instance 0000000180066fb0 f   sfc_debug:sfdb_coverage.obj
 0001:00066ba0       sf_debug_cc_mark_object_if_needed 0000000180067ba0 f   sfc_debug:sfdb_coverage.obj
 0001:000674a0       sf_debug_bm_initialize_eml 00000001800684a0 f   sfc_debug:sfdb_breakpoints.obj
 0001:00068610       sf_debug_bm_map_debug_tag_to_breakpoint_tag 0000000180069610 f   sfc_debug:sfdb_breakpoints.obj
 0001:000686f0       sf_debug_bm_is_a_eml_breakpoint_impl 00000001800696f0 f   sfc_debug:sfdb_breakpoints.obj
 0001:0006a170       sf_debug_sc_push_on_error_stack 000000018006b170 f   sfc_debug:sfdb_state_consistency.obj
 0001:0006a2a0       sf_debug_sc_reset_error_stack 000000018006b2a0 f   sfc_debug:sfdb_state_consistency.obj
 0001:0006a430       sf_debug_sc_is_state_inconsistent 000000018006b430 f   sfc_debug:sfdb_state_consistency.obj
 0001:0006a730       sf_debug_sc_fill_consistency_info 000000018006b730 f   sfc_debug:sfdb_state_consistency.obj
 0001:0006ad10       void_assertion_fcn         000000018006bd10 f   sfc_debug:sfdb_call_stack.obj
 0001:0006b290       sf_debug_tm_fill_local_trace 000000018006c290 f   sfc_debug:sfdb_call_stack.obj
 0001:0006b860       sf_debug_cd_terminate_instance 000000018006c860 f   sfc_debug:sfdb_cycle_detection.obj
 0001:0006b8c0       sf_debug_cd_free_checksum_stack 000000018006c8c0 f   sfc_debug:sfdb_cycle_detection.obj
 0001:0006b910       sf_debug_cd_reset_pack_strings 000000018006c910 f   sfc_debug:sfdb_cycle_detection.obj
 0001:0006bfd0       md5file_clear              000000018006cfd0 f   sfc_debug:ckmd5.obj
 0001:0006c000       Encode                     000000018006d000 f   sfc_debug:ckmd5.obj
 0001:0006c050       Decode                     000000018006d050 f   sfc_debug:ckmd5.obj
 0001:0006c0f0       MD5Transform               000000018006d0f0 f   sfc_debug:ckmd5.obj
 0001:0006c940       md5file_addn               000000018006d940 f   sfc_debug:ckmd5.obj
 0001:0006ca10       md5file_hash               000000018006da10 f   sfc_debug:ckmd5.obj
 0001:0006cef8       pre_c_init                 000000018006def8 f   MSVCRT:crtdll.obj
 0001:0006d1b4       __DllMainCRTStartup        000000018006e1b4 f   MSVCRT:crtdll.obj
 0001:0006d8c0       __DllMainCRTStartup$filt$0 000000018006e8c0 f   MSVCRT:crtdll.obj
 0001:0006d8f0       __DllMainCRTStartup$fin$1  000000018006e8f0 f   MSVCRT:crtdll.obj
 0001:0006d90a       _onexit$fin$0              000000018006e90a f   MSVCRT:atonexit.obj
 0001:0006d930       _IsNonwritableInCurrentImage$filt$0 000000018006e930 f   MSVCRT:pesect.obj
